Archive member included because of file (symbol)

../Hello_small_bsp/\libhal_bsp.a(alt_load.o)
                              ../Hello_small_bsp//obj/HAL/src/crt0.o (alt_load)
../Hello_small_bsp/\libhal_bsp.a(alt_main.o)
                              ../Hello_small_bsp//obj/HAL/src/crt0.o (alt_main)
../Hello_small_bsp/\libhal_bsp.a(alt_putstr.o)
                              obj/default/hello_world_small.o (alt_putstr)
../Hello_small_bsp/\libhal_bsp.a(alt_sys_init.o)
                              ../Hello_small_bsp/\libhal_bsp.a(alt_main.o) (alt_sys_init)
../Hello_small_bsp/\libhal_bsp.a(altera_avalon_jtag_uart_write.o)
                              ../Hello_small_bsp/\libhal_bsp.a(alt_putstr.o) (altera_avalon_jtag_uart_write)
../Hello_small_bsp/\libhal_bsp.a(alt_dcache_flush_all.o)
                              ../Hello_small_bsp/\libhal_bsp.a(alt_load.o) (alt_dcache_flush_all)
../Hello_small_bsp/\libhal_bsp.a(alt_icache_flush_all.o)
                              ../Hello_small_bsp/\libhal_bsp.a(alt_load.o) (alt_icache_flush_all)
../Hello_small_bsp/\libhal_bsp.a(altera_nios2_qsys_irq.o)
                              ../Hello_small_bsp/\libhal_bsp.a(alt_sys_init.o) (altera_nios2_qsys_irq_init)
../Hello_small_bsp/\libhal_bsp.a(alt_icache_flush.o)
                              ../Hello_small_bsp/\libhal_bsp.a(alt_icache_flush_all.o) (alt_icache_flush)
c:/altera/12.1/nios2eds/bin/gnu/h-i686-mingw32/bin/../lib/gcc/nios2-elf/4.1.2/../../../../nios2-elf/lib/mno-hw-mul\libsmallc.a(lib_a-strlen.o)
                              ../Hello_small_bsp/\libhal_bsp.a(alt_putstr.o) (strlen)

Memory Configuration

Name             Origin             Length             Attributes
reset            0x00000000         0x00000020
onchip_memory2_0 0x00000020         0x00000fe0
*default*        0x00000000         0xffffffff

Linker script and memory map

LOAD ../Hello_small_bsp//obj/HAL/src/crt0.o
                0x0000001c                exit = _exit
LOAD obj/default/hello_world_small.o
LOAD c:/altera/12.1/nios2eds/bin/gnu/h-i686-mingw32/bin/../lib/gcc/nios2-elf/4.1.2/../../../../nios2-elf/lib/mno-hw-mul\libstdc++.a
LOAD c:/altera/12.1/nios2eds/bin/gnu/h-i686-mingw32/bin/../lib/gcc/nios2-elf/4.1.2/../../../../nios2-elf/lib/mno-hw-mul\libm.a
LOAD c:/altera/12.1/nios2eds/bin/gnu/h-i686-mingw32/bin/../lib/gcc/nios2-elf/4.1.2/mno-hw-mul\libgcc.a
START GROUP
LOAD c:/altera/12.1/nios2eds/bin/gnu/h-i686-mingw32/bin/../lib/gcc/nios2-elf/4.1.2/../../../../nios2-elf/lib/mno-hw-mul\libsmallc.a
LOAD c:/altera/12.1/nios2eds/bin/gnu/h-i686-mingw32/bin/../lib/gcc/nios2-elf/4.1.2/mno-hw-mul\libgcc.a
LOAD ../Hello_small_bsp/\libhal_bsp.a
END GROUP
LOAD c:/altera/12.1/nios2eds/bin/gnu/h-i686-mingw32/bin/../lib/gcc/nios2-elf/4.1.2/mno-hw-mul\libgcc.a
                0x00000000                __alt_mem_onchip_memory2_0 = 0x0

.entry          0x00000000       0x20
 *(.entry)
 .entry         0x00000000       0x20 ../Hello_small_bsp//obj/HAL/src/crt0.o
                0x00000000                __reset
                0x0000001c                _exit

.exceptions     0x00000020        0x0
                0x00000020                PROVIDE (__ram_exceptions_start, ABSOLUTE (.))
                0x00000020                . = ALIGN (0x20)
 *(.irq)
 *(.exceptions.entry.label)
 *(.exceptions.entry.user)
 *(.exceptions.entry)
 *(.exceptions.irqtest.user)
 *(.exceptions.irqtest)
 *(.exceptions.irqhandler.user)
 *(.exceptions.irqhandler)
 *(.exceptions.irqreturn.user)
 *(.exceptions.irqreturn)
 *(.exceptions.notirq.label)
 *(.exceptions.notirq.user)
 *(.exceptions.notirq)
 *(.exceptions.soft.user)
 *(.exceptions.soft)
 *(.exceptions.unknown.user)
 *(.exceptions.unknown)
 *(.exceptions.exit.label)
 *(.exceptions.exit.user)
 *(.exceptions.exit)
 *(.exceptions)
                0x00000020                PROVIDE (__ram_exceptions_end, ABSOLUTE (.))
                0x00000020                PROVIDE (__flash_exceptions_start, LOADADDR (.exceptions))

.text           0x00000020      0x21c
                0x00000020                PROVIDE (stext, ABSOLUTE (.))
 *(.interp)
 *(.hash)
 *(.dynsym)
 *(.dynstr)
 *(.gnu.version)
 *(.gnu.version_d)
 *(.gnu.version_r)
 *(.rel.init)
 *(.rela.init)
 *(.rel.text .rel.text.* .rel.gnu.linkonce.t.*)
 *(.rela.text .rela.text.* .rela.gnu.linkonce.t.*)
 *(.rel.fini)
 *(.rela.fini)
 *(.rel.rodata .rel.rodata.* .rel.gnu.linkonce.r.*)
 *(.rela.rodata .rela.rodata.* .rela.gnu.linkonce.r.*)
 *(.rel.data .rel.data.* .rel.gnu.linkonce.d.*)
 *(.rela.data .rela.data.* .rela.gnu.linkonce.d.*)
 *(.rel.tdata .rel.tdata.* .rel.gnu.linkonce.td.*)
 *(.rela.tdata .rela.tdata.* .rela.gnu.linkonce.td.*)
 *(.rel.tbss .rel.tbss.* .rel.gnu.linkonce.tb.*)
 *(.rela.tbss .rela.tbss.* .rela.gnu.linkonce.tb.*)
 *(.rel.ctors)
 *(.rela.ctors)
 *(.rel.dtors)
 *(.rela.dtors)
 *(.rel.got)
 *(.rela.got)
 *(.rel.sdata .rel.sdata.* .rel.gnu.linkonce.s.*)
 *(.rela.sdata .rela.sdata.* .rela.gnu.linkonce.s.*)
 *(.rel.sbss .rel.sbss.* .rel.gnu.linkonce.sb.*)
 *(.rela.sbss .rela.sbss.* .rela.gnu.linkonce.sb.*)
 *(.rel.sdata2 .rel.sdata2.* .rel.gnu.linkonce.s2.*)
 *(.rela.sdata2 .rela.sdata2.* .rela.gnu.linkonce.s2.*)
 *(.rel.sbss2 .rel.sbss2.* .rel.gnu.linkonce.sb2.*)
 *(.rela.sbss2 .rela.sbss2.* .rela.gnu.linkonce.sb2.*)
 *(.rel.bss .rel.bss.* .rel.gnu.linkonce.b.*)
 *(.rela.bss .rela.bss.* .rela.gnu.linkonce.b.*)
 *(.rel.plt)
 *(.rela.plt)
 *(.rel.dyn)
 *(.init)
 *(.plt)
 *(.text .stub .text.* .gnu.linkonce.t.*)
 .text          0x00000020       0x3c ../Hello_small_bsp//obj/HAL/src/crt0.o
                0x00000020                _start
 .text          0x0000005c       0x28 obj/default/hello_world_small.o
                0x0000005c                main
 .text          0x00000084       0x8c ../Hello_small_bsp/\libhal_bsp.a(alt_load.o)
                0x000000a4                alt_load
 .text          0x00000110       0x2c ../Hello_small_bsp/\libhal_bsp.a(alt_main.o)
                0x00000110                alt_main
 .text          0x0000013c       0x38 ../Hello_small_bsp/\libhal_bsp.a(alt_putstr.o)
                0x0000013c                alt_putstr
 .text          0x00000174       0x24 ../Hello_small_bsp/\libhal_bsp.a(alt_sys_init.o)
                0x00000174                alt_sys_init
                0x00000178                alt_irq_init
 .text          0x00000198       0x34 ../Hello_small_bsp/\libhal_bsp.a(altera_avalon_jtag_uart_write.o)
                0x00000198                altera_avalon_jtag_uart_write
 .text          0x000001cc        0x4 ../Hello_small_bsp/\libhal_bsp.a(alt_dcache_flush_all.o)
                0x000001cc                alt_dcache_flush_all
 .text          0x000001d0        0xc ../Hello_small_bsp/\libhal_bsp.a(alt_icache_flush_all.o)
                0x000001d0                alt_icache_flush_all
 .text          0x000001dc        0x8 ../Hello_small_bsp/\libhal_bsp.a(altera_nios2_qsys_irq.o)
                0x000001dc                altera_nios2_qsys_irq_init
 .text          0x000001e4       0x38 ../Hello_small_bsp/\libhal_bsp.a(alt_icache_flush.o)
                0x000001e4                alt_icache_flush
 .text          0x0000021c       0x20 c:/altera/12.1/nios2eds/bin/gnu/h-i686-mingw32/bin/../lib/gcc/nios2-elf/4.1.2/../../../../nios2-elf/lib/mno-hw-mul\libsmallc.a(lib_a-strlen.o)
                0x0000021c                strlen
 *(.gnu.warning.*)
 *(.fini)
                0x0000023c                PROVIDE (__etext, ABSOLUTE (.))
                0x0000023c                PROVIDE (_etext, ABSOLUTE (.))
                0x0000023c                PROVIDE (etext, ABSOLUTE (.))
 *(.eh_frame_hdr)
                0x0000023c                . = ALIGN (0x4)
                0x0000023c                PROVIDE (__preinit_array_start, ABSOLUTE (.))
 *(.preinit_array)
                0x0000023c                PROVIDE (__preinit_array_end, ABSOLUTE (.))
                0x0000023c                PROVIDE (__init_array_start, ABSOLUTE (.))
 *(.init_array)
                0x0000023c                PROVIDE (__init_array_end, ABSOLUTE (.))
                0x0000023c                PROVIDE (__fini_array_start, ABSOLUTE (.))
 *(.fini_array)
                0x0000023c                PROVIDE (__fini_array_end, ABSOLUTE (.))
 *(.eh_frame)
 *(.gcc_except_table)
 *(.dynamic)
                0x0000023c                PROVIDE (__CTOR_LIST__, ABSOLUTE (.))
 *(.ctors)
 *(SORT(.ctors.*))
                0x0000023c                PROVIDE (__CTOR_END__, ABSOLUTE (.))
                0x0000023c                PROVIDE (__DTOR_LIST__, ABSOLUTE (.))
 *(.dtors)
 *(SORT(.dtors.*))
                0x0000023c                PROVIDE (__DTOR_END__, ABSOLUTE (.))
 *(.jcr)
                0x0000023c                . = ALIGN (0x4)

.rodata         0x0000023c       0x18
                0x0000023c                PROVIDE (__ram_rodata_start, ABSOLUTE (.))
                0x0000023c                . = ALIGN (0x4)
 *(.rodata .rodata.* .gnu.linkonce.r.*)
 .rodata.str1.4
                0x0000023c       0x18 obj/default/hello_world_small.o
 *(.rodata1)
                0x00000254                . = ALIGN (0x4)
                0x00000254                PROVIDE (__ram_rodata_end, ABSOLUTE (.))
                0x0000023c                PROVIDE (__flash_rodata_start, LOADADDR (.rodata))

.rwdata         0x00000254        0x4 load address 0x00000258
                0x00000254                PROVIDE (__ram_rwdata_start, ABSOLUTE (.))
                0x00000254                . = ALIGN (0x4)
 *(.got.plt)
 *(.got)
 *(.data1)
 *(.data .data.* .gnu.linkonce.d.*)
 .data          0x00000254        0x0 ../Hello_small_bsp//obj/HAL/src/crt0.o
 .data          0x00000254        0x0 obj/default/hello_world_small.o
 .data          0x00000254        0x0 ../Hello_small_bsp/\libhal_bsp.a(alt_load.o)
 .data          0x00000254        0x0 ../Hello_small_bsp/\libhal_bsp.a(alt_main.o)
 .data          0x00000254        0x0 ../Hello_small_bsp/\libhal_bsp.a(alt_putstr.o)
 .data          0x00000254        0x0 ../Hello_small_bsp/\libhal_bsp.a(alt_sys_init.o)
 .data          0x00000254        0x0 ../Hello_small_bsp/\libhal_bsp.a(altera_avalon_jtag_uart_write.o)
 .data          0x00000254        0x0 ../Hello_small_bsp/\libhal_bsp.a(alt_dcache_flush_all.o)
 .data          0x00000254        0x0 ../Hello_small_bsp/\libhal_bsp.a(alt_icache_flush_all.o)
 .data          0x00000254        0x0 ../Hello_small_bsp/\libhal_bsp.a(altera_nios2_qsys_irq.o)
 .data          0x00000254        0x0 ../Hello_small_bsp/\libhal_bsp.a(alt_icache_flush.o)
 .data          0x00000254        0x0 c:/altera/12.1/nios2eds/bin/gnu/h-i686-mingw32/bin/../lib/gcc/nios2-elf/4.1.2/../../../../nios2-elf/lib/mno-hw-mul\libsmallc.a(lib_a-strlen.o)
                0x00008254                _gp = ABSOLUTE ((. + 0x8000))
                0x00008254                PROVIDE (gp, _gp)
 *(.rwdata .rwdata.*)
 *(.sdata .sdata.* .gnu.linkonce.s.*)
 .sdata         0x00000254        0x4 ../Hello_small_bsp/\libhal_bsp.a(alt_sys_init.o)
                0x00000254                jtag_uart_0
 *(.sdata2 .sdata2.* .gnu.linkonce.s2.*)
                0x00000258                . = ALIGN (0x4)
                0x00000258                _edata = ABSOLUTE (.)
                0x00000258                PROVIDE (edata, ABSOLUTE (.))
                0x00000258                PROVIDE (__ram_rwdata_end, ABSOLUTE (.))
                0x00000258                PROVIDE (__flash_rwdata_start, LOADADDR (.rwdata))

.bss            0x0000025c        0xc
                0x0000025c                __bss_start = ABSOLUTE (.)
                0x0000025c                PROVIDE (__sbss_start, ABSOLUTE (.))
                0x0000025c                PROVIDE (___sbss_start, ABSOLUTE (.))
 *(.dynsbss)
 *(.sbss .sbss.* .gnu.linkonce.sb.*)
 .sbss          0x0000025c        0xc ../Hello_small_bsp/\libhal_bsp.a(alt_main.o)
                0x0000025c                alt_argc
                0x00000260                alt_argv
                0x00000264                alt_envp
 *(.sbss2 .sbss2.* .gnu.linkonce.sb2.*)
 *(.scommon)
                0x00000268                PROVIDE (__sbss_end, ABSOLUTE (.))
                0x00000268                PROVIDE (___sbss_end, ABSOLUTE (.))
 *(.dynbss)
 *(.bss .bss.* .gnu.linkonce.b.*)
 .bss           0x00000268        0x0 ../Hello_small_bsp//obj/HAL/src/crt0.o
 .bss           0x00000268        0x0 obj/default/hello_world_small.o
 .bss           0x00000268        0x0 ../Hello_small_bsp/\libhal_bsp.a(alt_load.o)
 .bss           0x00000268        0x0 ../Hello_small_bsp/\libhal_bsp.a(alt_main.o)
 .bss           0x00000268        0x0 ../Hello_small_bsp/\libhal_bsp.a(alt_putstr.o)
 .bss           0x00000268        0x0 ../Hello_small_bsp/\libhal_bsp.a(alt_sys_init.o)
 .bss           0x00000268        0x0 ../Hello_small_bsp/\libhal_bsp.a(altera_avalon_jtag_uart_write.o)
 .bss           0x00000268        0x0 ../Hello_small_bsp/\libhal_bsp.a(alt_dcache_flush_all.o)
 .bss           0x00000268        0x0 ../Hello_small_bsp/\libhal_bsp.a(alt_icache_flush_all.o)
 .bss           0x00000268        0x0 ../Hello_small_bsp/\libhal_bsp.a(altera_nios2_qsys_irq.o)
 .bss           0x00000268        0x0 ../Hello_small_bsp/\libhal_bsp.a(alt_icache_flush.o)
 .bss           0x00000268        0x0 c:/altera/12.1/nios2eds/bin/gnu/h-i686-mingw32/bin/../lib/gcc/nios2-elf/4.1.2/../../../../nios2-elf/lib/mno-hw-mul\libsmallc.a(lib_a-strlen.o)
 *(COMMON)
                0x00000268                . = ALIGN (0x4)
                0x00000268                __bss_end = ABSOLUTE (.)

.onchip_memory2_0
                0x00000268        0x0
                0x00000268                PROVIDE (_alt_partition_onchip_memory2_0_start, ABSOLUTE (.))
 *(.onchip_memory2_0. onchip_memory2_0.*)
                0x00000268                . = ALIGN (0x4)
                0x00000268                PROVIDE (_alt_partition_onchip_memory2_0_end, ABSOLUTE (.))
                0x00000268                _end = ABSOLUTE (.)
                0x00000268                end = ABSOLUTE (.)
                0x00000268                __alt_stack_base = ABSOLUTE (.)
                0x00000268                PROVIDE (_alt_partition_onchip_memory2_0_load_addr, LOADADDR (.onchip_memory2_0))

.stab
 *(.stab)

.stabstr
 *(.stabstr)

.stab.excl
 *(.stab.excl)

.stab.exclstr
 *(.stab.exclstr)

.stab.index
 *(.stab.index)

.stab.indexstr
 *(.stab.indexstr)

.comment        0x00000000       0x23
 *(.comment)
 .comment       0x00000000       0x23 obj/default/hello_world_small.o
                                 0x24 (size before relaxing)
 .comment       0x00000000       0x24 ../Hello_small_bsp/\libhal_bsp.a(alt_load.o)
 .comment       0x00000000       0x24 ../Hello_small_bsp/\libhal_bsp.a(alt_main.o)
 .comment       0x00000000       0x24 ../Hello_small_bsp/\libhal_bsp.a(alt_putstr.o)
 .comment       0x00000000       0x24 ../Hello_small_bsp/\libhal_bsp.a(alt_sys_init.o)
 .comment       0x00000000       0x24 ../Hello_small_bsp/\libhal_bsp.a(altera_avalon_jtag_uart_write.o)
 .comment       0x00000000       0x24 ../Hello_small_bsp/\libhal_bsp.a(alt_dcache_flush_all.o)
 .comment       0x00000000       0x24 ../Hello_small_bsp/\libhal_bsp.a(alt_icache_flush_all.o)
 .comment       0x00000000       0x24 ../Hello_small_bsp/\libhal_bsp.a(altera_nios2_qsys_irq.o)
 .comment       0x00000000       0x24 ../Hello_small_bsp/\libhal_bsp.a(alt_icache_flush.o)
 .comment       0x00000000       0x24 c:/altera/12.1/nios2eds/bin/gnu/h-i686-mingw32/bin/../lib/gcc/nios2-elf/4.1.2/../../../../nios2-elf/lib/mno-hw-mul\libsmallc.a(lib_a-strlen.o)

.debug
 *(.debug)

.line
 *(.line)

.debug_srcinfo
 *(.debug_srcinfo)

.debug_sfnames
 *(.debug_sfnames)

.debug_aranges  0x00000000      0x188
 *(.debug_aranges)
 .debug_aranges
                0x00000000       0x28 ../Hello_small_bsp//obj/HAL/src/crt0.o
 .debug_aranges
                0x00000028       0x20 obj/default/hello_world_small.o
 .debug_aranges
                0x00000048       0x20 ../Hello_small_bsp/\libhal_bsp.a(alt_load.o)
 .debug_aranges
                0x00000068       0x20 ../Hello_small_bsp/\libhal_bsp.a(alt_main.o)
 .debug_aranges
                0x00000088       0x20 ../Hello_small_bsp/\libhal_bsp.a(alt_putstr.o)
 .debug_aranges
                0x000000a8       0x20 ../Hello_small_bsp/\libhal_bsp.a(alt_sys_init.o)
 .debug_aranges
                0x000000c8       0x20 ../Hello_small_bsp/\libhal_bsp.a(altera_avalon_jtag_uart_write.o)
 .debug_aranges
                0x000000e8       0x20 ../Hello_small_bsp/\libhal_bsp.a(alt_dcache_flush_all.o)
 .debug_aranges
                0x00000108       0x20 ../Hello_small_bsp/\libhal_bsp.a(alt_icache_flush_all.o)
 .debug_aranges
                0x00000128       0x20 ../Hello_small_bsp/\libhal_bsp.a(altera_nios2_qsys_irq.o)
 .debug_aranges
                0x00000148       0x20 ../Hello_small_bsp/\libhal_bsp.a(alt_icache_flush.o)
 .debug_aranges
                0x00000168       0x20 c:/altera/12.1/nios2eds/bin/gnu/h-i686-mingw32/bin/../lib/gcc/nios2-elf/4.1.2/../../../../nios2-elf/lib/mno-hw-mul\libsmallc.a(lib_a-strlen.o)

.debug_pubnames
                0x00000000      0x1e4
 *(.debug_pubnames)
 .debug_pubnames
                0x00000000       0x1b obj/default/hello_world_small.o
 .debug_pubnames
                0x0000001b       0x1f ../Hello_small_bsp/\libhal_bsp.a(alt_load.o)
 .debug_pubnames
                0x0000003a       0x46 ../Hello_small_bsp/\libhal_bsp.a(alt_main.o)
 .debug_pubnames
                0x00000080       0x21 ../Hello_small_bsp/\libhal_bsp.a(alt_putstr.o)
 .debug_pubnames
                0x000000a1       0x44 ../Hello_small_bsp/\libhal_bsp.a(alt_sys_init.o)
 .debug_pubnames
                0x000000e5       0x34 ../Hello_small_bsp/\libhal_bsp.a(altera_avalon_jtag_uart_write.o)
 .debug_pubnames
                0x00000119       0x2b ../Hello_small_bsp/\libhal_bsp.a(alt_dcache_flush_all.o)
 .debug_pubnames
                0x00000144       0x2b ../Hello_small_bsp/\libhal_bsp.a(alt_icache_flush_all.o)
 .debug_pubnames
                0x0000016f       0x31 ../Hello_small_bsp/\libhal_bsp.a(altera_nios2_qsys_irq.o)
 .debug_pubnames
                0x000001a0       0x27 ../Hello_small_bsp/\libhal_bsp.a(alt_icache_flush.o)
 .debug_pubnames
                0x000001c7       0x1d c:/altera/12.1/nios2eds/bin/gnu/h-i686-mingw32/bin/../lib/gcc/nios2-elf/4.1.2/../../../../nios2-elf/lib/mno-hw-mul\libsmallc.a(lib_a-strlen.o)

.debug_info     0x00000000      0xa10
 *(.debug_info .gnu.linkonce.wi.*)
 .debug_info    0x00000000       0x69 ../Hello_small_bsp//obj/HAL/src/crt0.o
 .debug_info    0x00000069       0x45 obj/default/hello_world_small.o
 .debug_info    0x000000ae      0x12e ../Hello_small_bsp/\libhal_bsp.a(alt_load.o)
 .debug_info    0x000001dc      0x125 ../Hello_small_bsp/\libhal_bsp.a(alt_main.o)
 .debug_info    0x00000301       0xc5 ../Hello_small_bsp/\libhal_bsp.a(alt_putstr.o)
 .debug_info    0x000003c6      0x17d ../Hello_small_bsp/\libhal_bsp.a(alt_sys_init.o)
 .debug_info    0x00000543      0x18f ../Hello_small_bsp/\libhal_bsp.a(altera_avalon_jtag_uart_write.o)
 .debug_info    0x000006d2       0x8d ../Hello_small_bsp/\libhal_bsp.a(alt_dcache_flush_all.o)
 .debug_info    0x0000075f       0x8d ../Hello_small_bsp/\libhal_bsp.a(alt_icache_flush_all.o)
 .debug_info    0x000007ec       0x8d ../Hello_small_bsp/\libhal_bsp.a(altera_nios2_qsys_irq.o)
 .debug_info    0x00000879       0xd5 ../Hello_small_bsp/\libhal_bsp.a(alt_icache_flush.o)
 .debug_info    0x0000094e       0xc2 c:/altera/12.1/nios2eds/bin/gnu/h-i686-mingw32/bin/../lib/gcc/nios2-elf/4.1.2/../../../../nios2-elf/lib/mno-hw-mul\libsmallc.a(lib_a-strlen.o)

.debug_abbrev   0x00000000      0x592
 *(.debug_abbrev)
 .debug_abbrev  0x00000000       0x12 ../Hello_small_bsp//obj/HAL/src/crt0.o
 .debug_abbrev  0x00000012       0x34 obj/default/hello_world_small.o
 .debug_abbrev  0x00000046       0x97 ../Hello_small_bsp/\libhal_bsp.a(alt_load.o)
 .debug_abbrev  0x000000dd       0xa6 ../Hello_small_bsp/\libhal_bsp.a(alt_main.o)
 .debug_abbrev  0x00000183       0x7c ../Hello_small_bsp/\libhal_bsp.a(alt_putstr.o)
 .debug_abbrev  0x000001ff       0xe3 ../Hello_small_bsp/\libhal_bsp.a(alt_sys_init.o)
 .debug_abbrev  0x000002e2       0xf0 ../Hello_small_bsp/\libhal_bsp.a(altera_avalon_jtag_uart_write.o)
 .debug_abbrev  0x000003d2       0x3f ../Hello_small_bsp/\libhal_bsp.a(alt_dcache_flush_all.o)
 .debug_abbrev  0x00000411       0x3f ../Hello_small_bsp/\libhal_bsp.a(alt_icache_flush_all.o)
 .debug_abbrev  0x00000450       0x3f ../Hello_small_bsp/\libhal_bsp.a(altera_nios2_qsys_irq.o)
 .debug_abbrev  0x0000048f       0x89 ../Hello_small_bsp/\libhal_bsp.a(alt_icache_flush.o)
 .debug_abbrev  0x00000518       0x7a c:/altera/12.1/nios2eds/bin/gnu/h-i686-mingw32/bin/../lib/gcc/nios2-elf/4.1.2/../../../../nios2-elf/lib/mno-hw-mul\libsmallc.a(lib_a-strlen.o)

.debug_line     0x00000000     0x16b6
 *(.debug_line)
 .debug_line    0x00000000       0x6c ../Hello_small_bsp//obj/HAL/src/crt0.o
 .debug_line    0x0000006c       0xe4 obj/default/hello_world_small.o
 .debug_line    0x00000150      0x211 ../Hello_small_bsp/\libhal_bsp.a(alt_load.o)
 .debug_line    0x00000361      0x2bc ../Hello_small_bsp/\libhal_bsp.a(alt_main.o)
 .debug_line    0x0000061d      0x1d3 ../Hello_small_bsp/\libhal_bsp.a(alt_putstr.o)
 .debug_line    0x000007f0      0x280 ../Hello_small_bsp/\libhal_bsp.a(alt_sys_init.o)
 .debug_line    0x00000a70      0x2ee ../Hello_small_bsp/\libhal_bsp.a(altera_avalon_jtag_uart_write.o)
 .debug_line    0x00000d5e      0x1af ../Hello_small_bsp/\libhal_bsp.a(alt_dcache_flush_all.o)
 .debug_line    0x00000f0d      0x1bf ../Hello_small_bsp/\libhal_bsp.a(alt_icache_flush_all.o)
 .debug_line    0x000010cc      0x1c8 ../Hello_small_bsp/\libhal_bsp.a(altera_nios2_qsys_irq.o)
 .debug_line    0x00001294      0x1db ../Hello_small_bsp/\libhal_bsp.a(alt_icache_flush.o)
 .debug_line    0x0000146f      0x247 c:/altera/12.1/nios2eds/bin/gnu/h-i686-mingw32/bin/../lib/gcc/nios2-elf/4.1.2/../../../../nios2-elf/lib/mno-hw-mul\libsmallc.a(lib_a-strlen.o)

.debug_frame    0x00000000      0x1a8
 *(.debug_frame)
 .debug_frame   0x00000000       0x28 obj/default/hello_world_small.o
 .debug_frame   0x00000028       0x38 ../Hello_small_bsp/\libhal_bsp.a(alt_load.o)
 .debug_frame   0x00000060       0x28 ../Hello_small_bsp/\libhal_bsp.a(alt_main.o)
 .debug_frame   0x00000088       0x28 ../Hello_small_bsp/\libhal_bsp.a(alt_putstr.o)
 .debug_frame   0x000000b0       0x38 ../Hello_small_bsp/\libhal_bsp.a(alt_sys_init.o)
 .debug_frame   0x000000e8       0x20 ../Hello_small_bsp/\libhal_bsp.a(altera_avalon_jtag_uart_write.o)
 .debug_frame   0x00000108       0x20 ../Hello_small_bsp/\libhal_bsp.a(alt_dcache_flush_all.o)
 .debug_frame   0x00000128       0x20 ../Hello_small_bsp/\libhal_bsp.a(alt_icache_flush_all.o)
 .debug_frame   0x00000148       0x20 ../Hello_small_bsp/\libhal_bsp.a(altera_nios2_qsys_irq.o)
 .debug_frame   0x00000168       0x20 ../Hello_small_bsp/\libhal_bsp.a(alt_icache_flush.o)
 .debug_frame   0x00000188       0x20 c:/altera/12.1/nios2eds/bin/gnu/h-i686-mingw32/bin/../lib/gcc/nios2-elf/4.1.2/../../../../nios2-elf/lib/mno-hw-mul\libsmallc.a(lib_a-strlen.o)

.debug_str      0x00000000      0x51e
 *(.debug_str)
 .debug_str     0x00000000       0x54 obj/default/hello_world_small.o
                                 0x59 (size before relaxing)
 .debug_str     0x00000054      0x179 ../Hello_small_bsp/\libhal_bsp.a(alt_load.o)
                                0x1be (size before relaxing)
 .debug_str     0x000001cd       0x75 ../Hello_small_bsp/\libhal_bsp.a(alt_main.o)
                                0x142 (size before relaxing)
 .debug_str     0x00000242       0x4c ../Hello_small_bsp/\libhal_bsp.a(alt_putstr.o)
                                0x119 (size before relaxing)
 .debug_str     0x0000028e       0x85 ../Hello_small_bsp/\libhal_bsp.a(alt_sys_init.o)
                                0x1b7 (size before relaxing)
 .debug_str     0x00000313       0x56 ../Hello_small_bsp/\libhal_bsp.a(altera_avalon_jtag_uart_write.o)
                                0x1ba (size before relaxing)
 .debug_str     0x00000369       0x34 ../Hello_small_bsp/\libhal_bsp.a(alt_dcache_flush_all.o)
                                0x101 (size before relaxing)
 .debug_str     0x0000039d       0x34 ../Hello_small_bsp/\libhal_bsp.a(alt_icache_flush_all.o)
                                0x101 (size before relaxing)
 .debug_str     0x000003d1       0x3b ../Hello_small_bsp/\libhal_bsp.a(altera_nios2_qsys_irq.o)
                                0x108 (size before relaxing)
 .debug_str     0x0000040c       0x2c ../Hello_small_bsp/\libhal_bsp.a(alt_icache_flush.o)
                                0x107 (size before relaxing)
 .debug_str     0x00000438       0xe6 c:/altera/12.1/nios2eds/bin/gnu/h-i686-mingw32/bin/../lib/gcc/nios2-elf/4.1.2/../../../../nios2-elf/lib/mno-hw-mul\libsmallc.a(lib_a-strlen.o)
                                0x181 (size before relaxing)

.debug_loc      0x00000000      0x12e
 *(.debug_loc)
 .debug_loc     0x00000000       0x1f obj/default/hello_world_small.o
 .debug_loc     0x0000001f       0x1f ../Hello_small_bsp/\libhal_bsp.a(alt_load.o)
 .debug_loc     0x0000003e       0x1f ../Hello_small_bsp/\libhal_bsp.a(alt_main.o)
 .debug_loc     0x0000005d       0x48 ../Hello_small_bsp/\libhal_bsp.a(alt_putstr.o)
 .debug_loc     0x000000a5       0x32 ../Hello_small_bsp/\libhal_bsp.a(alt_sys_init.o)
 .debug_loc     0x000000d7       0x26 ../Hello_small_bsp/\libhal_bsp.a(altera_avalon_jtag_uart_write.o)
 .debug_loc     0x000000fd       0x13 ../Hello_small_bsp/\libhal_bsp.a(alt_icache_flush.o)
 .debug_loc     0x00000110       0x1e c:/altera/12.1/nios2eds/bin/gnu/h-i686-mingw32/bin/../lib/gcc/nios2-elf/4.1.2/../../../../nios2-elf/lib/mno-hw-mul\libsmallc.a(lib_a-strlen.o)

.debug_macinfo
 *(.debug_macinfo)

.debug_weaknames
 *(.debug_weaknames)

.debug_funcnames
 *(.debug_funcnames)

.debug_typenames
 *(.debug_typenames)

.debug_varnames
 *(.debug_varnames)

.debug_alt_sim_info
                0x00000000       0x20
 *(.debug_alt_sim_info)
 .debug_alt_sim_info
                0x00000000       0x20 ../Hello_small_bsp//obj/HAL/src/crt0.o
                0x00001000                __alt_data_end = 0x1000
                0x00001000                PROVIDE (__alt_stack_pointer, __alt_data_end)
                0x00000268                PROVIDE (__alt_stack_limit, __alt_stack_base)
                0x00000268                PROVIDE (__alt_heap_start, end)
                0x00001000                PROVIDE (__alt_heap_limit, 0x1000)
OUTPUT(Hello_small.elf elf32-littlenios2)

.debug_ranges   0x00000000       0x20
 .debug_ranges  0x00000000       0x20 ../Hello_small_bsp//obj/HAL/src/crt0.o
