Archive member included because of file (symbol)

c:/altera/12.1/nios2eds/bin/gnu/h-i686-mingw32/bin/../lib/gcc/nios2-elf/4.1.2/../../../../nios2-elf/lib/mno-hw-mul\libc.a(lib_a-puts.o)
                              obj/default/hello_world.o (puts)
c:/altera/12.1/nios2eds/bin/gnu/h-i686-mingw32/bin/../lib/gcc/nios2-elf/4.1.2/../../../../nios2-elf/lib/mno-hw-mul\libc.a(lib_a-strlen.o)
                              c:/altera/12.1/nios2eds/bin/gnu/h-i686-mingw32/bin/../lib/gcc/nios2-elf/4.1.2/../../../../nios2-elf/lib/mno-hw-mul\libc.a(lib_a-puts.o) (strlen)
c:/altera/12.1/nios2eds/bin/gnu/h-i686-mingw32/bin/../lib/gcc/nios2-elf/4.1.2/../../../../nios2-elf/lib/mno-hw-mul\libc.a(lib_a-fvwrite.o)
                              c:/altera/12.1/nios2eds/bin/gnu/h-i686-mingw32/bin/../lib/gcc/nios2-elf/4.1.2/../../../../nios2-elf/lib/mno-hw-mul\libc.a(lib_a-puts.o) (__sfvwrite_r)
c:/altera/12.1/nios2eds/bin/gnu/h-i686-mingw32/bin/../lib/gcc/nios2-elf/4.1.2/../../../../nios2-elf/lib/mno-hw-mul\libc.a(lib_a-impure.o)
                              c:/altera/12.1/nios2eds/bin/gnu/h-i686-mingw32/bin/../lib/gcc/nios2-elf/4.1.2/../../../../nios2-elf/lib/mno-hw-mul\libc.a(lib_a-puts.o) (_impure_ptr)
c:/altera/12.1/nios2eds/bin/gnu/h-i686-mingw32/bin/../lib/gcc/nios2-elf/4.1.2/../../../../nios2-elf/lib/mno-hw-mul\libc.a(lib_a-mallocr.o)
                              c:/altera/12.1/nios2eds/bin/gnu/h-i686-mingw32/bin/../lib/gcc/nios2-elf/4.1.2/../../../../nios2-elf/lib/mno-hw-mul\libc.a(lib_a-fvwrite.o) (_malloc_r)
c:/altera/12.1/nios2eds/bin/gnu/h-i686-mingw32/bin/../lib/gcc/nios2-elf/4.1.2/../../../../nios2-elf/lib/mno-hw-mul\libc.a(lib_a-memchr.o)
                              c:/altera/12.1/nios2eds/bin/gnu/h-i686-mingw32/bin/../lib/gcc/nios2-elf/4.1.2/../../../../nios2-elf/lib/mno-hw-mul\libc.a(lib_a-fvwrite.o) (memchr)
c:/altera/12.1/nios2eds/bin/gnu/h-i686-mingw32/bin/../lib/gcc/nios2-elf/4.1.2/../../../../nios2-elf/lib/mno-hw-mul\libc.a(lib_a-memcpy.o)
                              c:/altera/12.1/nios2eds/bin/gnu/h-i686-mingw32/bin/../lib/gcc/nios2-elf/4.1.2/../../../../nios2-elf/lib/mno-hw-mul\libc.a(lib_a-fvwrite.o) (memcpy)
c:/altera/12.1/nios2eds/bin/gnu/h-i686-mingw32/bin/../lib/gcc/nios2-elf/4.1.2/../../../../nios2-elf/lib/mno-hw-mul\libc.a(lib_a-memmove.o)
                              c:/altera/12.1/nios2eds/bin/gnu/h-i686-mingw32/bin/../lib/gcc/nios2-elf/4.1.2/../../../../nios2-elf/lib/mno-hw-mul\libc.a(lib_a-fvwrite.o) (memmove)
c:/altera/12.1/nios2eds/bin/gnu/h-i686-mingw32/bin/../lib/gcc/nios2-elf/4.1.2/../../../../nios2-elf/lib/mno-hw-mul\libc.a(lib_a-reallocr.o)
                              c:/altera/12.1/nios2eds/bin/gnu/h-i686-mingw32/bin/../lib/gcc/nios2-elf/4.1.2/../../../../nios2-elf/lib/mno-hw-mul\libc.a(lib_a-fvwrite.o) (_realloc_r)
c:/altera/12.1/nios2eds/bin/gnu/h-i686-mingw32/bin/../lib/gcc/nios2-elf/4.1.2/../../../../nios2-elf/lib/mno-hw-mul\libc.a(lib_a-sbrkr.o)
                              c:/altera/12.1/nios2eds/bin/gnu/h-i686-mingw32/bin/../lib/gcc/nios2-elf/4.1.2/../../../../nios2-elf/lib/mno-hw-mul\libc.a(lib_a-mallocr.o) (_sbrk_r)
c:/altera/12.1/nios2eds/bin/gnu/h-i686-mingw32/bin/../lib/gcc/nios2-elf/4.1.2/../../../../nios2-elf/lib/mno-hw-mul\libc.a(lib_a-wsetup.o)
                              c:/altera/12.1/nios2eds/bin/gnu/h-i686-mingw32/bin/../lib/gcc/nios2-elf/4.1.2/../../../../nios2-elf/lib/mno-hw-mul\libc.a(lib_a-fvwrite.o) (__swsetup_r)
c:/altera/12.1/nios2eds/bin/gnu/h-i686-mingw32/bin/../lib/gcc/nios2-elf/4.1.2/../../../../nios2-elf/lib/mno-hw-mul\libc.a(lib_a-fflush.o)
                              c:/altera/12.1/nios2eds/bin/gnu/h-i686-mingw32/bin/../lib/gcc/nios2-elf/4.1.2/../../../../nios2-elf/lib/mno-hw-mul\libc.a(lib_a-fvwrite.o) (_fflush_r)
c:/altera/12.1/nios2eds/bin/gnu/h-i686-mingw32/bin/../lib/gcc/nios2-elf/4.1.2/../../../../nios2-elf/lib/mno-hw-mul\libc.a(lib_a-findfp.o)
                              c:/altera/12.1/nios2eds/bin/gnu/h-i686-mingw32/bin/../lib/gcc/nios2-elf/4.1.2/../../../../nios2-elf/lib/mno-hw-mul\libc.a(lib_a-wsetup.o) (__sinit)
c:/altera/12.1/nios2eds/bin/gnu/h-i686-mingw32/bin/../lib/gcc/nios2-elf/4.1.2/../../../../nios2-elf/lib/mno-hw-mul\libc.a(lib_a-freer.o)
                              c:/altera/12.1/nios2eds/bin/gnu/h-i686-mingw32/bin/../lib/gcc/nios2-elf/4.1.2/../../../../nios2-elf/lib/mno-hw-mul\libc.a(lib_a-fvwrite.o) (_free_r)
c:/altera/12.1/nios2eds/bin/gnu/h-i686-mingw32/bin/../lib/gcc/nios2-elf/4.1.2/../../../../nios2-elf/lib/mno-hw-mul\libc.a(lib_a-fwalk.o)
                              c:/altera/12.1/nios2eds/bin/gnu/h-i686-mingw32/bin/../lib/gcc/nios2-elf/4.1.2/../../../../nios2-elf/lib/mno-hw-mul\libc.a(lib_a-fflush.o) (_fwalk_reent)
c:/altera/12.1/nios2eds/bin/gnu/h-i686-mingw32/bin/../lib/gcc/nios2-elf/4.1.2/../../../../nios2-elf/lib/mno-hw-mul\libc.a(lib_a-int_errno.o)
[...]
Memory Configuration

Name             Origin             Length             Attributes
reset            0x00000000         0x00000020
onchip_memory2_0 0x00000020         0x00000fe0
*default*        0x00000000         0xffffffff

Linker script and memory map

LOAD ../HelloWorld_bsp//obj/HAL/src/crt0.o
LOAD obj/default/hello_world.o
LOAD c:/altera/12.1/nios2eds/bin/gnu/h-i686-mingw32/bin/../lib/gcc/nios2-elf/4.1.2/../../../../nios2-elf/lib/mno-hw-mul\libstdc++.a
LOAD c:/altera/12.1/nios2eds/bin/gnu/h-i686-mingw32/bin/../lib/gcc/nios2-elf/4.1.2/../../../../nios2-elf/lib/mno-hw-mul\libm.a
LOAD c:/altera/12.1/nios2eds/bin/gnu/h-i686-mingw32/bin/../lib/gcc/nios2-elf/4.1.2/mno-hw-mul\libgcc.a
START GROUP
LOAD c:/altera/12.1/nios2eds/bin/gnu/h-i686-mingw32/bin/../lib/gcc/nios2-elf/4.1.2/../../../../nios2-elf/lib/mno-hw-mul\libc.a
LOAD c:/altera/12.1/nios2eds/bin/gnu/h-i686-mingw32/bin/../lib/gcc/nios2-elf/4.1.2/mno-hw-mul\libgcc.a
LOAD ../HelloWorld_bsp/\libhal_bsp.a
END GROUP
LOAD c:/altera/12.1/nios2eds/bin/gnu/h-i686-mingw32/bin/../lib/gcc/nios2-elf/4.1.2/mno-hw-mul\libgcc.a
                0x00000000                __alt_mem_onchip_memory2_0 = 0x0

.entry          0x00000000       0x20
 *(.entry)
 .entry         0x00000000       0x20 ../HelloWorld_bsp//obj/HAL/src/crt0.o
                0x00000000                __reset

.exceptions     0x00000020      0x194
                0x00000020                PROVIDE (__ram_exceptions_start, ABSOLUTE (.))
                0x00000020                . = ALIGN (0x20)
 *(.irq)
 *(.exceptions.entry.label)
 .exceptions.entry.label
                0x00000020        0x0 ../HelloWorld_bsp/\libhal_bsp.a(alt_irq_entry.o)
                0x00000020                alt_irq_entry
 .exceptions.entry.label
                0x00000020        0x0 ../HelloWorld_bsp/\libhal_bsp.a(alt_exception_entry.o)
                0x00000020                alt_exception
 *(.exceptions.entry.user)
 *(.exceptions.entry)
 .exceptions.entry
                0x00000020       0x54 ../HelloWorld_bsp/\libhal_bsp.a(alt_exception_entry.o)
 *(.exceptions.irqtest.user)
 *(.exceptions.irqtest)
 .exceptions.irqtest
                0x00000074       0x10 ../HelloWorld_bsp/\libhal_bsp.a(alt_irq_entry.o)
 *(.exceptions.irqhandler.user)
 *(.exceptions.irqhandler)
 .exceptions.irqhandler
                0x00000084        0x4 ../HelloWorld_bsp/\libhal_bsp.a(alt_irq_entry.o)
 *(.exceptions.irqreturn.user)
 *(.exceptions.irqreturn)
 .exceptions.irqreturn
                0x00000088        0x4 ../HelloWorld_bsp/\libhal_bsp.a(alt_irq_entry.o)
 *(.exceptions.notirq.label)
 .exceptions.notirq.label
                0x0000008c        0x0 ../HelloWorld_bsp/\libhal_bsp.a(alt_irq_entry.o)
 *(.exceptions.notirq.user)
 *(.exceptions.notirq)
 .exceptions.notirq
                0x0000008c        0x8 ../HelloWorld_bsp/\libhal_bsp.a(alt_exception_entry.o)
 *(.exceptions.soft.user)
 *(.exceptions.soft)
 *(.exceptions.unknown.user)
 *(.exceptions.unknown)
 .exceptions.unknown
                0x00000094        0x4 ../HelloWorld_bsp/\libhal_bsp.a(alt_exception_entry.o)
 *(.exceptions.exit.label)
 .exceptions.exit.label
                0x00000098        0x0 ../HelloWorld_bsp/\libhal_bsp.a(alt_irq_entry.o)
 .exceptions.exit.label
                0x00000098        0x0 ../HelloWorld_bsp/\libhal_bsp.a(alt_exception_entry.o)
 *(.exceptions.exit.user)
 *(.exceptions.exit)
 .exceptions.exit
                0x00000098       0x54 ../HelloWorld_bsp/\libhal_bsp.a(alt_exception_entry.o)
 *(.exceptions)
 .exceptions    0x000000ec       0xc8 ../HelloWorld_bsp/\libhal_bsp.a(alt_irq_handler.o)
                0x000000ec                alt_irq_handler
                0x000001b4                PROVIDE (__ram_exceptions_end, ABSOLUTE (.))
                0x00000020                PROVIDE (__flash_exceptions_start, LOADADDR (.exceptions))

.text           0x000001b4     0x53b8
                0x000001b4                PROVIDE (stext, ABSOLUTE (.))
 *(.interp)
 *(.hash)
 *(.dynsym)
 *(.dynstr)
 *(.gnu.version)
 *(.gnu.version_d)
 *(.gnu.version_r)
 *(.rel.init)
 *(.rela.init)
 *(.rel.text .rel.text.* .rel.gnu.linkonce.t.*)
 *(.rela.text .rela.text.* .rela.gnu.linkonce.t.*)
 *(.rel.fini)
 *(.rela.fini)
 *(.rel.rodata .rel.rodata.* .rel.gnu.linkonce.r.*)
 *(.rela.rodata .rela.rodata.* .rela.gnu.linkonce.r.*)
 *(.rel.data .rel.data.* .rel.gnu.linkonce.d.*)
 *(.rela.data .rela.data.* .rela.gnu.linkonce.d.*)
 *(.rel.tdata .rel.tdata.* .rel.gnu.linkonce.td.*)
 *(.rela.tdata .rela.tdata.* .rela.gnu.linkonce.td.*)
 *(.rel.tbss .rel.tbss.* .rel.gnu.linkonce.tb.*)
 *(.rela.tbss .rela.tbss.* .rela.gnu.linkonce.tb.*)
 *(.rel.ctors)
 *(.rela.ctors)
 *(.rel.dtors)
 *(.rela.dtors)
 *(.rel.got)
 *(.rela.got)
 *(.rel.sdata .rel.sdata.* .rel.gnu.linkonce.s.*)
 *(.rela.sdata .rela.sdata.* .rela.gnu.linkonce.s.*)
 *(.rel.sbss .rel.sbss.* .rel.gnu.linkonce.sb.*)
 *(.rela.sbss .rela.sbss.* .rela.gnu.linkonce.sb.*)
 *(.rel.sdata2 .rel.sdata2.* .rel.gnu.linkonce.s2.*)
 *(.rela.sdata2 .rela.sdata2.* .rela.gnu.linkonce.s2.*)
 *(.rel.sbss2 .rel.sbss2.* .rel.gnu.linkonce.sb2.*)
 *(.rela.sbss2 .rela.sbss2.* .rela.gnu.linkonce.sb2.*)
 *(.rel.bss .rel.bss.* .rel.gnu.linkonce.b.*)
 *(.rela.bss .rela.bss.* .rela.gnu.linkonce.b.*)
 *(.rel.plt)
 *(.rela.plt)
 *(.rel.dyn)
 *(.init)
 *(.plt)
 *(.text .stub .text.* .gnu.linkonce.t.*)
 .text          0x000001b4       0x3c ../HelloWorld_bsp//obj/HAL/src/crt0.o
                0x000001b4                _start
 .text          0x000001f0       0x34 obj/default/hello_world.o
                0x000001f0                main
 .text          0x00000224       0xb4 c:/altera/12.1/nios2eds/bin/gnu/h-i686-mingw32/bin/../lib/gcc/nios2-elf/4.1.2/../../../../nios2-elf/lib/mno-hw-mul\libc.a(lib_a-puts.o)
                0x00000224                _puts_r
                0x000002c4                puts
 .text          0x000002d8       0x74 c:/altera/12.1/nios2eds/bin/gnu/h-i686-mingw32/bin/../lib/gcc/nios2-elf/4.1.2/../../../../nios2-elf/lib/mno-hw-mul\libc.a(lib_a-strlen.o)
                0x000002d8                strlen
 .text          0x0000034c      0x49c c:/altera/12.1/nios2eds/bin/gnu/h-i686-mingw32/bin/../lib/gcc/nios2-elf/4.1.2/../../../../nios2-elf/lib/mno-hw-mul\libc.a(lib_a-fvwrite.o)
                0x0000034c                __sfvwrite_r
 .text          0x000007e8        0x0 c:/altera/12.1/nios2eds/bin/gnu/h-i686-mingw32/bin/../lib/gcc/nios2-elf/4.1.2/../../../../nios2-elf/lib/mno-hw-mul\libc.a(lib_a-impure.o)
 .text          0x000007e8      0x740 c:/altera/12.1/nios2eds/bin/gnu/h-i686-mingw32/bin/../lib/gcc/nios2-elf/4.1.2/../../../../nios2-elf/lib/mno-hw-mul\libc.a(lib_a-mallocr.o)
                0x000007e8                _malloc_r
 .text          0x00000f28       0xe4 c:/altera/12.1/nios2eds/bin/gnu/h-i686-mingw32/bin/../lib/gcc/nios2-elf/4.1.2/../../../../nios2-elf/lib/mno-hw-mul\libc.a(lib_a-memchr.o)
                0x00000f28                memchr
 .text          0x0000100c       0xa0 c:/altera/12.1/nios2eds/bin/gnu/h-i686-mingw32/bin/../lib/gcc/nios2-elf/4.1.2/../../../../nios2-elf/lib/mno-hw-mul\libc.a(lib_a-memcpy.o)
                0x0000100c                memcpy
 .text          0x000010ac       0xe0 c:/altera/12.1/nios2eds/bin/gnu/h-i686-mingw32/bin/../lib/gcc/nios2-elf/4.1.2/../../../../nios2-elf/lib/mno-hw-mul\libc.a(lib_a-memmove.o)
                0x000010ac                memmove
 .text          0x0000118c      0x5f4 c:/altera/12.1/nios2eds/bin/gnu/h-i686-mingw32/bin/../lib/gcc/nios2-elf/4.1.2/../../../../nios2-elf/lib/mno-hw-mul\libc.a(lib_a-reallocr.o)
                0x0000118c                _realloc_r
 .text          0x00001780       0x70 c:/altera/12.1/nios2eds/bin/gnu/h-i686-mingw32/bin/../lib/gcc/nios2-elf/4.1.2/../../../../nios2-elf/lib/mno-hw-mul\libc.a(lib_a-sbrkr.o)
                0x00001780                _sbrk_r
 .text          0x000017f0      0x13c c:/altera/12.1/nios2eds/bin/gnu/h-i686-mingw32/bin/../lib/gcc/nios2-elf/4.1.2/../../../../nios2-elf/lib/mno-hw-mul\libc.a(lib_a-wsetup.o)
                0x000017f0                __swsetup_r
 .text          0x0000192c      0x230 c:/altera/12.1/nios2eds/bin/gnu/h-i686-mingw32/bin/../lib/gcc/nios2-elf/4.1.2/../../../../nios2-elf/lib/mno-hw-mul\libc.a(lib_a-fflush.o)
                0x0000192c                _fflush_r
                0x00001b28                fflush
 .text          0x00001b5c      0x2f4 c:/altera/12.1/nios2eds/bin/gnu/h-i686-mingw32/bin/../lib/gcc/nios2-elf/4.1.2/../../../../nios2-elf/lib/mno-hw-mul\libc.a(lib_a-findfp.o)
                0x00001bb4                __sfp_lock_acquire
                0x00001bb8                __sfp_lock_release
                0x00001bbc                __sinit_lock_acquire
                0x00001bc0                __sinit_lock_release
                0x00001bc4                __sinit
                0x00001c78                __fp_unlock_all
                0x00001c90                __fp_lock_all
                0x00001ca8                _cleanup_r
                0x00001cb4                _cleanup
                0x00001cc4                __sfmoreglue
                0x00001d60                __sfp
 .text          0x00001e50      0x440 c:/altera/12.1/nios2eds/bin/gnu/h-i686-mingw32/bin/../lib/gcc/nios2-elf/4.1.2/../../../../nios2-elf/lib/mno-hw-mul\libc.a(lib_a-freer.o)
                0x00001e50                _malloc_trim_r
                0x00001f7c                _free_r
 .text          0x00002290      0x180 c:/altera/12.1/nios2eds/bin/gnu/h-i686-mingw32/bin/../lib/gcc/nios2-elf/4.1.2/../../../../nios2-elf/lib/mno-hw-mul\libc.a(lib_a-fwalk.o)
                0x00002290                _fwalk_reent
                0x00002358                _fwalk
 .text          0x00002410        0x0 c:/altera/12.1/nios2eds/bin/gnu/h-i686-mingw32/bin/../lib/gcc/nios2-elf/4.1.2/../../../../nios2-elf/lib/mno-hw-mul\libc.a(lib_a-int_errno.o)
 .text          0x00002410      0x194 c:/altera/12.1/nios2eds/bin/gnu/h-i686-mingw32/bin/../lib/gcc/nios2-elf/4.1.2/../../../../nios2-elf/lib/mno-hw-mul\libc.a(lib_a-makebuf.o)
                0x00002410                __smakebuf_r
 .text          0x000025a4       0x98 c:/altera/12.1/nios2eds/bin/gnu/h-i686-mingw32/bin/../lib/gcc/nios2-elf/4.1.2/../../../../nios2-elf/lib/mno-hw-mul\libc.a(lib_a-memset.o)
                0x000025a4                memset
 .text          0x0000263c      0x14c c:/altera/12.1/nios2eds/bin/gnu/h-i686-mingw32/bin/../lib/gcc/nios2-elf/4.1.2/../../../../nios2-elf/lib/mno-hw-mul\libc.a(lib_a-stdio.o)
                0x0000263c                __sclose
                0x00002644                __sseek
                0x000026ac                __swrite
                0x00002728                __sread
 .text          0x00002788       0x78 c:/altera/12.1/nios2eds/bin/gnu/h-i686-mingw32/bin/../lib/gcc/nios2-elf/4.1.2/../../../../nios2-elf/lib/mno-hw-mul\libc.a(lib_a-writer.o)
                0x00002788                _write_r
 .text          0x00002800       0x70 c:/altera/12.1/nios2eds/bin/gnu/h-i686-mingw32/bin/../lib/gcc/nios2-elf/4.1.2/../../../../nios2-elf/lib/mno-hw-mul\libc.a(lib_a-closer.o)
                0x00002800                _close_r
 .text          0x00002870      0x124 c:/altera/12.1/nios2eds/bin/gnu/h-i686-mingw32/bin/../lib/gcc/nios2-elf/4.1.2/../../../../nios2-elf/lib/mno-hw-mul\libc.a(lib_a-fclose.o)
                0x00002870                _fclose_r
                0x00002980                fclose
 .text          0x00002994       0x74 c:/altera/12.1/nios2eds/bin/gnu/h-i686-mingw32/bin/../lib/gcc/nios2-elf/4.1.2/../../../../nios2-elf/lib/mno-hw-mul\libc.a(lib_a-fstatr.o)
                0x00002994                _fstat_r
 .text          0x00002a08       0x70 c:/altera/12.1/nios2eds/bin/gnu/h-i686-mingw32/bin/../lib/gcc/nios2-elf/4.1.2/../../../../nios2-elf/lib/mno-hw-mul\libc.a(lib_a-isattyr.o)
                0x00002a08                _isatty_r
 .text          0x00002a78       0x78 c:/altera/12.1/nios2eds/bin/gnu/h-i686-mingw32/bin/../lib/gcc/nios2-elf/4.1.2/../../../../nios2-elf/lib/mno-hw-mul\libc.a(lib_a-lseekr.o)
                0x00002a78                _lseek_r
 .text          0x00002af0       0x78 c:/altera/12.1/nios2eds/bin/gnu/h-i686-mingw32/bin/../lib/gcc/nios2-elf/4.1.2/../../../../nios2-elf/lib/mno-hw-mul\libc.a(lib_a-readr.o)
                0x00002af0                _read_r
 .text          0x00002b68       0x38 c:/altera/12.1/nios2eds/bin/gnu/h-i686-mingw32/bin/../lib/gcc/nios2-elf/4.1.2/mno-hw-mul\libgcc.a(lib2-mul.o)
                0x00002b68                __mulsi3
 .text          0x00002ba0      0x160 ../HelloWorld_bsp/\libhal_bsp.a(alt_close.o)
                0x00002ba0                close
 .text          0x00002d00       0x2c ../HelloWorld_bsp/\libhal_bsp.a(alt_dev.o)
 .text          0x00002d2c        0x0 ../HelloWorld_bsp/\libhal_bsp.a(alt_errno.o)
 .text          0x00002d2c      0x138 ../HelloWorld_bsp/\libhal_bsp.a(alt_fstat.o)
                0x00002d2c                fstat
 .text          0x00002e64      0x124 ../HelloWorld_bsp/\libhal_bsp.a(alt_isatty.o)
                0x00002e64                isatty
 .text          0x00002f88       0xec ../HelloWorld_bsp/\libhal_bsp.a(alt_load.o)
                0x00002f88                alt_load
 .text          0x00003074      0x154 ../HelloWorld_bsp/\libhal_bsp.a(alt_lseek.o)
                0x00003074                lseek
 .text          0x000031c8       0x6c ../HelloWorld_bsp/\libhal_bsp.a(alt_main.o)
                0x000031c8                alt_main
 .text          0x00003234       0x40 ../HelloWorld_bsp/\libhal_bsp.a(alt_malloc_lock.o)
                0x00003234                __malloc_lock
                0x00003254                __malloc_unlock
 .text          0x00003274      0x184 ../HelloWorld_bsp/\libhal_bsp.a(alt_read.o)
                0x00003274                read
 .text          0x000033f8       0x78 ../HelloWorld_bsp/\libhal_bsp.a(alt_release_fd.o)
                0x000033f8                alt_release_fd
 .text          0x00003470       0xbc ../HelloWorld_bsp/\libhal_bsp.a(alt_sbrk.o)
                0x00003470                sbrk
 .text          0x0000352c      0x184 ../HelloWorld_bsp/\libhal_bsp.a(alt_write.o)
                0x0000352c                write
 .text          0x000036b0       0xb0 ../HelloWorld_bsp/\libhal_bsp.a(alt_sys_init.o)
                0x000036b0                alt_irq_init
                0x000036e4                alt_sys_init
 .text          0x00003760      0x148 ../HelloWorld_bsp/\libhal_bsp.a(altera_avalon_jtag_uart_fd.o)
                0x00003760                altera_avalon_jtag_uart_read_fd
                0x000037b8                altera_avalon_jtag_uart_write_fd
                0x00003810                altera_avalon_jtag_uart_close_fd
                0x00003858                altera_avalon_jtag_uart_ioctl_fd
 .text          0x000038a8      0x40c ../HelloWorld_bsp/\libhal_bsp.a(altera_avalon_jtag_uart_init.o)
                0x000038a8                altera_avalon_jtag_uart_init
                0x00003c40                altera_avalon_jtag_uart_close
 .text          0x00003cb4       0xf4 ../HelloWorld_bsp/\libhal_bsp.a(altera_avalon_jtag_uart_ioctl.o)
                0x00003cb4                altera_avalon_jtag_uart_ioctl
 .text          0x00003da8      0x224 ../HelloWorld_bsp/\libhal_bsp.a(altera_avalon_jtag_uart_read.o)
                0x00003da8                altera_avalon_jtag_uart_read
 .text          0x00003fcc      0x240 ../HelloWorld_bsp/\libhal_bsp.a(altera_avalon_jtag_uart_write.o)
                0x00003fcc                altera_avalon_jtag_uart_write
 .text          0x0000420c      0x154 ../HelloWorld_bsp/\libhal_bsp.a(alt_alarm_start.o)
                0x0000420c                alt_alarm_start
 .text          0x00004360       0x1c ../HelloWorld_bsp/\libhal_bsp.a(alt_dcache_flush_all.o)
                0x00004360                alt_dcache_flush_all
 .text          0x0000437c      0x114 ../HelloWorld_bsp/\libhal_bsp.a(alt_dev_llist_insert.o)
                0x0000437c                alt_dev_llist_insert
 .text          0x00004490       0x64 ../HelloWorld_bsp/\libhal_bsp.a(alt_do_ctors.o)
                0x00004490                _do_ctors
 .text          0x000044f4       0x64 ../HelloWorld_bsp/\libhal_bsp.a(alt_do_dtors.o)
                0x000044f4                _do_dtors
 .text          0x00004558       0x30 ../HelloWorld_bsp/\libhal_bsp.a(alt_icache_flush_all.o)
                0x00004558                alt_icache_flush_all
 .text          0x00004588      0x1d4 ../HelloWorld_bsp/\libhal_bsp.a(alt_iic.o)
                0x00004588                alt_ic_isr_register
                0x000045d8                alt_ic_irq_enable
                0x00004674                alt_ic_irq_disable
                0x00004714                alt_ic_irq_enabled
 .text          0x0000475c       0xf8 ../HelloWorld_bsp/\libhal_bsp.a(alt_iic_isr_register.o)
                0x0000475c                alt_iic_isr_register
 .text          0x00004854      0x150 ../HelloWorld_bsp/\libhal_bsp.a(alt_io_redirect.o)
                0x0000492c                alt_io_redirect
 .text          0x000049a4        0x0 ../HelloWorld_bsp/\libhal_bsp.a(alt_irq_entry.o)
 .text          0x000049a4        0x0 ../HelloWorld_bsp/\libhal_bsp.a(alt_irq_handler.o)
 .text          0x000049a4        0x0 ../HelloWorld_bsp/\libhal_bsp.a(alt_irq_vars.o)
 .text          0x000049a4      0x2e4 ../HelloWorld_bsp/\libhal_bsp.a(alt_open.o)
                0x00004a9c                open
 .text          0x00004c88      0x1a4 ../HelloWorld_bsp/\libhal_bsp.a(alt_tick.o)
                0x00004c88                alt_alarm_stop
                0x00004d20                alt_tick
 .text          0x00004e2c       0x20 ../HelloWorld_bsp/\libhal_bsp.a(altera_nios2_qsys_irq.o)
                0x00004e2c                altera_nios2_qsys_irq_init
 .text          0x00004e4c        0x0 ../HelloWorld_bsp/\libhal_bsp.a(alt_exception_entry.o)
 .text          0x00004e4c       0x94 ../HelloWorld_bsp/\libhal_bsp.a(alt_find_dev.o)
                0x00004e4c                alt_find_dev
 .text          0x00004ee0      0x120 ../HelloWorld_bsp/\libhal_bsp.a(alt_find_file.o)
                0x00004ee0                alt_find_file
 .text          0x00005000       0xd0 ../HelloWorld_bsp/\libhal_bsp.a(alt_get_fd.o)
                0x00005000                alt_get_fd
 .text          0x000050d0       0x90 ../HelloWorld_bsp/\libhal_bsp.a(alt_icache_flush.o)
                0x000050d0                alt_icache_flush
 .text          0x00005160       0x14 c:/altera/12.1/nios2eds/bin/gnu/h-i686-mingw32/bin/../lib/gcc/nios2-elf/4.1.2/../../../../nios2-elf/lib/mno-hw-mul\libc.a(lib_a-atexit.o)
                0x00005160                atexit
 .text          0x00005174       0x38 c:/altera/12.1/nios2eds/bin/gnu/h-i686-mingw32/bin/../lib/gcc/nios2-elf/4.1.2/../../../../nios2-elf/lib/mno-hw-mul\libc.a(lib_a-exit.o)
                0x00005174                exit
 .text          0x000051ac       0x74 c:/altera/12.1/nios2eds/bin/gnu/h-i686-mingw32/bin/../lib/gcc/nios2-elf/4.1.2/../../../../nios2-elf/lib/mno-hw-mul\libc.a(lib_a-memcmp.o)
                0x000051ac                memcmp
 .text          0x00005220      0x134 c:/altera/12.1/nios2eds/bin/gnu/h-i686-mingw32/bin/../lib/gcc/nios2-elf/4.1.2/../../../../nios2-elf/lib/mno-hw-mul\libc.a(lib_a-__atexit.o)
                0x00005220                __register_exitproc
 .text          0x00005354      0x1b4 c:/altera/12.1/nios2eds/bin/gnu/h-i686-mingw32/bin/../lib/gcc/nios2-elf/4.1.2/../../../../nios2-elf/lib/mno-hw-mul\libc.a(lib_a-__call_atexit.o)
                0x00005358                __call_exitprocs
 .text          0x00005508       0x60 ../HelloWorld_bsp/\libhal_bsp.a(alt_exit.o)
                0x00005548                _exit
 *(.gnu.warning.*)
 *(.fini)
                0x00005568                PROVIDE (__etext, ABSOLUTE (.))
                0x00005568                PROVIDE (_etext, ABSOLUTE (.))
                0x00005568                PROVIDE (etext, ABSOLUTE (.))
 *(.eh_frame_hdr)
                0x00005568                . = ALIGN (0x4)
                0x00005568                PROVIDE (__preinit_array_start, ABSOLUTE (.))
 *(.preinit_array)
                0x00005568                PROVIDE (__preinit_array_end, ABSOLUTE (.))
                0x00005568                PROVIDE (__init_array_start, ABSOLUTE (.))
 *(.init_array)
                0x00005568                PROVIDE (__init_array_end, ABSOLUTE (.))
                0x00005568                PROVIDE (__fini_array_start, ABSOLUTE (.))
 *(.fini_array)
                0x00005568                PROVIDE (__fini_array_end, ABSOLUTE (.))
 *(.eh_frame)
 *(.gcc_except_table)
 *(.dynamic)
                0x00005568                PROVIDE (__CTOR_LIST__, ABSOLUTE (.))
 *(.ctors)
 *(SORT(.ctors.*))
 .ctors.65535   0x00005568        0x4 c:/altera/12.1/nios2eds/bin/gnu/h-i686-mingw32/bin/../lib/gcc/nios2-elf/4.1.2/../../../../nios2-elf/lib/mno-hw-mul\libc.a(lib_a-__call_atexit.o)
                0x0000556c                PROVIDE (__CTOR_END__, ABSOLUTE (.))
                0x0000556c                PROVIDE (__DTOR_LIST__, ABSOLUTE (.))
 *(.dtors)
 *(SORT(.dtors.*))
                0x0000556c                PROVIDE (__DTOR_END__, ABSOLUTE (.))
 *(.jcr)
                0x0000556c                . = ALIGN (0x4)

.rodata         0x0000556c       0x50
                0x0000556c                PROVIDE (__ram_rodata_start, ABSOLUTE (.))
                0x0000556c                . = ALIGN (0x4)
 *(.rodata .rodata.* .gnu.linkonce.r.*)
 .rodata        0x0000556c       0x14 obj/default/hello_world.o
 .rodata.str1.4
                0x00005580        0x2 c:/altera/12.1/nios2eds/bin/gnu/h-i686-mingw32/bin/../lib/gcc/nios2-elf/4.1.2/../../../../nios2-elf/lib/mno-hw-mul\libc.a(lib_a-puts.o)
                                  0x4 (size before relaxing)
 *fill*         0x00005582        0x2 00
 .rodata.str1.4
                0x00005584        0x4 c:/altera/12.1/nios2eds/bin/gnu/h-i686-mingw32/bin/../lib/gcc/nios2-elf/4.1.2/../../../../nios2-elf/lib/mno-hw-mul\libc.a(lib_a-impure.o)
 .rodata        0x00005588        0xc ../HelloWorld_bsp/\libhal_bsp.a(alt_dev.o)
 .rodata        0x00005594       0x14 ../HelloWorld_bsp/\libhal_bsp.a(alt_main.o)
 .rodata        0x000055a8       0x14 ../HelloWorld_bsp/\libhal_bsp.a(alt_sys_init.o)
 *(.rodata1)
                0x000055bc                . = ALIGN (0x4)
                0x000055bc                PROVIDE (__ram_rodata_end, ABSOLUTE (.))
                0x0000556c                PROVIDE (__flash_rodata_start, LOADADDR (.rodata))

.rwdata         0x000055bc     0x1a48 load address 0x00007004
                0x000055bc                PROVIDE (__ram_rwdata_start, ABSOLUTE (.))
                0x000055bc                . = ALIGN (0x4)
 *(.got.plt)
 *(.got)
 *(.data1)
 *(.data .data.* .gnu.linkonce.d.*)
 .data          0x000055bc        0x0 ../HelloWorld_bsp//obj/HAL/src/crt0.o
 .data          0x000055bc        0x0 obj/default/hello_world.o
 .data          0x000055bc        0x0 c:/altera/12.1/nios2eds/bin/gnu/h-i686-mingw32/bin/../lib/gcc/nios2-elf/4.1.2/../../../../nios2-elf/lib/mno-hw-mul\libc.a(lib_a-puts.o)
 .data          0x000055bc        0x0 c:/altera/12.1/nios2eds/bin/gnu/h-i686-mingw32/bin/../lib/gcc/nios2-elf/4.1.2/../../../../nios2-elf/lib/mno-hw-mul\libc.a(lib_a-strlen.o)
 .data          0x000055bc        0x0 c:/altera/12.1/nios2eds/bin/gnu/h-i686-mingw32/bin/../lib/gcc/nios2-elf/4.1.2/../../../../nios2-elf/lib/mno-hw-mul\libc.a(lib_a-fvwrite.o)
 .data          0x000055bc      0x400 c:/altera/12.1/nios2eds/bin/gnu/h-i686-mingw32/bin/../lib/gcc/nios2-elf/4.1.2/../../../../nios2-elf/lib/mno-hw-mul\libc.a(lib_a-impure.o)
 .data          0x000059bc      0x408 c:/altera/12.1/nios2eds/bin/gnu/h-i686-mingw32/bin/../lib/gcc/nios2-elf/4.1.2/../../../../nios2-elf/lib/mno-hw-mul\libc.a(lib_a-mallocr.o)
                0x000059bc                __malloc_av_
 .data          0x00005dc4        0x0 c:/altera/12.1/nios2eds/bin/gnu/h-i686-mingw32/bin/../lib/gcc/nios2-elf/4.1.2/../../../../nios2-elf/lib/mno-hw-mul\libc.a(lib_a-memchr.o)
 .data          0x00005dc4        0x0 c:/altera/12.1/nios2eds/bin/gnu/h-i686-mingw32/bin/../lib/gcc/nios2-elf/4.1.2/../../../../nios2-elf/lib/mno-hw-mul\libc.a(lib_a-memcpy.o)
 .data          0x00005dc4        0x0 c:/altera/12.1/nios2eds/bin/gnu/h-i686-mingw32/bin/../lib/gcc/nios2-elf/4.1.2/../../../../nios2-elf/lib/mno-hw-mul\libc.a(lib_a-memmove.o)
 .data          0x00005dc4        0x0 c:/altera/12.1/nios2eds/bin/gnu/h-i686-mingw32/bin/../lib/gcc/nios2-elf/4.1.2/../../../../nios2-elf/lib/mno-hw-mul\libc.a(lib_a-reallocr.o)
 .data          0x00005dc4        0x0 c:/altera/12.1/nios2eds/bin/gnu/h-i686-mingw32/bin/../lib/gcc/nios2-elf/4.1.2/../../../../nios2-elf/lib/mno-hw-mul\libc.a(lib_a-sbrkr.o)
 .data          0x00005dc4        0x0 c:/altera/12.1/nios2eds/bin/gnu/h-i686-mingw32/bin/../lib/gcc/nios2-elf/4.1.2/../../../../nios2-elf/lib/mno-hw-mul\libc.a(lib_a-wsetup.o)
 .data          0x00005dc4        0x0 c:/altera/12.1/nios2eds/bin/gnu/h-i686-mingw32/bin/../lib/gcc/nios2-elf/4.1.2/../../../../nios2-elf/lib/mno-hw-mul\libc.a(lib_a-fflush.o)
 .data          0x00005dc4        0x0 c:/altera/12.1/nios2eds/bin/gnu/h-i686-mingw32/bin/../lib/gcc/nios2-elf/4.1.2/../../../../nios2-elf/lib/mno-hw-mul\libc.a(lib_a-findfp.o)
 .data          0x00005dc4        0x0 c:/altera/12.1/nios2eds/bin/gnu/h-i686-mingw32/bin/../lib/gcc/nios2-elf/4.1.2/../../../../nios2-elf/lib/mno-hw-mul\libc.a(lib_a-freer.o)
 .data          0x00005dc4        0x0 c:/altera/12.1/nios2eds/bin/gnu/h-i686-mingw32/bin/../lib/gcc/nios2-elf/4.1.2/../../../../nios2-elf/lib/mno-hw-mul\libc.a(lib_a-fwalk.o)
 .data          0x00005dc4        0x0 c:/altera/12.1/nios2eds/bin/gnu/h-i686-mingw32/bin/../lib/gcc/nios2-elf/4.1.2/../../../../nios2-elf/lib/mno-hw-mul\libc.a(lib_a-int_errno.o)
 .data          0x00005dc4        0x0 c:/altera/12.1/nios2eds/bin/gnu/h-i686-mingw32/bin/../lib/gcc/nios2-elf/4.1.2/../../../../nios2-elf/lib/mno-hw-mul\libc.a(lib_a-makebuf.o)
 .data          0x00005dc4        0x0 c:/altera/12.1/nios2eds/bin/gnu/h-i686-mingw32/bin/../lib/gcc/nios2-elf/4.1.2/../../../../nios2-elf/lib/mno-hw-mul\libc.a(lib_a-memset.o)
 .data          0x00005dc4        0x0 c:/altera/12.1/nios2eds/bin/gnu/h-i686-mingw32/bin/../lib/gcc/nios2-elf/4.1.2/../../../../nios2-elf/lib/mno-hw-mul\libc.a(lib_a-stdio.o)
 .data          0x00005dc4        0x0 c:/altera/12.1/nios2eds/bin/gnu/h-i686-mingw32/bin/../lib/gcc/nios2-elf/4.1.2/../../../../nios2-elf/lib/mno-hw-mul\libc.a(lib_a-writer.o)
 .data          0x00005dc4        0x0 c:/altera/12.1/nios2eds/bin/gnu/h-i686-mingw32/bin/../lib/gcc/nios2-elf/4.1.2/../../../../nios2-elf/lib/mno-hw-mul\libc.a(lib_a-closer.o)
 .data          0x00005dc4        0x0 c:/altera/12.1/nios2eds/bin/gnu/h-i686-mingw32/bin/../lib/gcc/nios2-elf/4.1.2/../../../../nios2-elf/lib/mno-hw-mul\libc.a(lib_a-fclose.o)
 .data          0x00005dc4        0x0 c:/altera/12.1/nios2eds/bin/gnu/h-i686-mingw32/bin/../lib/gcc/nios2-elf/4.1.2/../../../../nios2-elf/lib/mno-hw-mul\libc.a(lib_a-fstatr.o)
 .data          0x00005dc4        0x0 c:/altera/12.1/nios2eds/bin/gnu/h-i686-mingw32/bin/../lib/gcc/nios2-elf/4.1.2/../../../../nios2-elf/lib/mno-hw-mul\libc.a(lib_a-isattyr.o)
 .data          0x00005dc4        0x0 c:/altera/12.1/nios2eds/bin/gnu/h-i686-mingw32/bin/../lib/gcc/nios2-elf/4.1.2/../../../../nios2-elf/lib/mno-hw-mul\libc.a(lib_a-lseekr.o)
 .data          0x00005dc4        0x0 c:/altera/12.1/nios2eds/bin/gnu/h-i686-mingw32/bin/../lib/gcc/nios2-elf/4.1.2/../../../../nios2-elf/lib/mno-hw-mul\libc.a(lib_a-readr.o)
 .data          0x00005dc4        0x0 c:/altera/12.1/nios2eds/bin/gnu/h-i686-mingw32/bin/../lib/gcc/nios2-elf/4.1.2/mno-hw-mul\libgcc.a(lib2-mul.o)
 .data          0x00005dc4        0x0 ../HelloWorld_bsp/\libhal_bsp.a(alt_close.o)
 .data          0x00005dc4      0x1a8 ../HelloWorld_bsp/\libhal_bsp.a(alt_dev.o)
                0x00005dc4                alt_dev_null
                0x00005dec                alt_fd_list
 .data          0x00005f6c        0x0 ../HelloWorld_bsp/\libhal_bsp.a(alt_errno.o)
 .data          0x00005f6c        0x0 ../HelloWorld_bsp/\libhal_bsp.a(alt_fstat.o)
 .data          0x00005f6c        0x0 ../HelloWorld_bsp/\libhal_bsp.a(alt_isatty.o)
 .data          0x00005f6c        0x0 ../HelloWorld_bsp/\libhal_bsp.a(alt_load.o)
 .data          0x00005f6c        0x0 ../HelloWorld_bsp/\libhal_bsp.a(alt_lseek.o)
 .data          0x00005f6c        0x0 ../HelloWorld_bsp/\libhal_bsp.a(alt_main.o)
 .data          0x00005f6c        0x0 ../HelloWorld_bsp/\libhal_bsp.a(alt_malloc_lock.o)
 .data          0x00005f6c        0x0 ../HelloWorld_bsp/\libhal_bsp.a(alt_read.o)
 .data          0x00005f6c        0x0 ../HelloWorld_bsp/\libhal_bsp.a(alt_release_fd.o)
 .data          0x00005f6c        0x0 ../HelloWorld_bsp/\libhal_bsp.a(alt_sbrk.o)
 .data          0x00005f6c        0x0 ../HelloWorld_bsp/\libhal_bsp.a(alt_write.o)
 .data          0x00005f6c     0x1060 ../HelloWorld_bsp/\libhal_bsp.a(alt_sys_init.o)
 .data          0x00006fcc        0x0 ../HelloWorld_bsp/\libhal_bsp.a(altera_avalon_jtag_uart_fd.o)
 .data          0x00006fcc        0x0 ../HelloWorld_bsp/\libhal_bsp.a(altera_avalon_jtag_uart_init.o)
 .data          0x00006fcc        0x0 ../HelloWorld_bsp/\libhal_bsp.a(altera_avalon_jtag_uart_ioctl.o)
 .data          0x00006fcc        0x0 ../HelloWorld_bsp/\libhal_bsp.a(altera_avalon_jtag_uart_read.o)
 .data          0x00006fcc        0x0 ../HelloWorld_bsp/\libhal_bsp.a(altera_avalon_jtag_uart_write.o)
 .data          0x00006fcc        0x0 ../HelloWorld_bsp/\libhal_bsp.a(alt_alarm_start.o)
 .data          0x00006fcc        0x0 ../HelloWorld_bsp/\libhal_bsp.a(alt_dcache_flush_all.o)
 .data          0x00006fcc        0x0 ../HelloWorld_bsp/\libhal_bsp.a(alt_dev_llist_insert.o)
 .data          0x00006fcc        0x0 ../HelloWorld_bsp/\libhal_bsp.a(alt_do_ctors.o)
 .data          0x00006fcc        0x0 ../HelloWorld_bsp/\libhal_bsp.a(alt_do_dtors.o)
 .data          0x00006fcc        0x0 ../HelloWorld_bsp/\libhal_bsp.a(alt_icache_flush_all.o)
 .data          0x00006fcc        0x0 ../HelloWorld_bsp/\libhal_bsp.a(alt_iic.o)
 .data          0x00006fcc        0x0 ../HelloWorld_bsp/\libhal_bsp.a(alt_iic_isr_register.o)
 .data          0x00006fcc        0x0 ../HelloWorld_bsp/\libhal_bsp.a(alt_io_redirect.o)
 .data          0x00006fcc        0x0 ../HelloWorld_bsp/\libhal_bsp.a(alt_irq_entry.o)
 .data          0x00006fcc        0x0 ../HelloWorld_bsp/\libhal_bsp.a(alt_irq_handler.o)
 .data          0x00006fcc        0x0 ../HelloWorld_bsp/\libhal_bsp.a(alt_irq_vars.o)
 .data          0x00006fcc        0x0 ../HelloWorld_bsp/\libhal_bsp.a(alt_open.o)
 .data          0x00006fcc        0x0 ../HelloWorld_bsp/\libhal_bsp.a(alt_tick.o)
 .data          0x00006fcc        0x0 ../HelloWorld_bsp/\libhal_bsp.a(altera_nios2_qsys_irq.o)
 .data          0x00006fcc        0x0 ../HelloWorld_bsp/\libhal_bsp.a(alt_exception_entry.o)
 .data          0x00006fcc        0x0 ../HelloWorld_bsp/\libhal_bsp.a(alt_find_dev.o)
 .data          0x00006fcc        0x0 ../HelloWorld_bsp/\libhal_bsp.a(alt_find_file.o)
 .data          0x00006fcc        0x0 ../HelloWorld_bsp/\libhal_bsp.a(alt_get_fd.o)
 .data          0x00006fcc        0x0 ../HelloWorld_bsp/\libhal_bsp.a(alt_icache_flush.o)
 .data          0x00006fcc        0x0 c:/altera/12.1/nios2eds/bin/gnu/h-i686-mingw32/bin/../lib/gcc/nios2-elf/4.1.2/../../../../nios2-elf/lib/mno-hw-mul\libc.a(lib_a-atexit.o)
 .data          0x00006fcc        0x0 c:/altera/12.1/nios2eds/bin/gnu/h-i686-mingw32/bin/../lib/gcc/nios2-elf/4.1.2/../../../../nios2-elf/lib/mno-hw-mul\libc.a(lib_a-exit.o)
 .data          0x00006fcc        0x0 c:/altera/12.1/nios2eds/bin/gnu/h-i686-mingw32/bin/../lib/gcc/nios2-elf/4.1.2/../../../../nios2-elf/lib/mno-hw-mul\libc.a(lib_a-memcmp.o)
 .data          0x00006fcc        0x0 c:/altera/12.1/nios2eds/bin/gnu/h-i686-mingw32/bin/../lib/gcc/nios2-elf/4.1.2/../../../../nios2-elf/lib/mno-hw-mul\libc.a(lib_a-__atexit.o)
 .data          0x00006fcc        0x0 c:/altera/12.1/nios2eds/bin/gnu/h-i686-mingw32/bin/../lib/gcc/nios2-elf/4.1.2/../../../../nios2-elf/lib/mno-hw-mul\libc.a(lib_a-__call_atexit.o)
 .data          0x00006fcc        0x0 ../HelloWorld_bsp/\libhal_bsp.a(alt_exit.o)
                0x0000efcc                _gp = ABSOLUTE ((. + 0x8000))
                0x0000efcc                PROVIDE (gp, _gp)
 *(.rwdata .rwdata.*)
 *(.sdata .sdata.* .gnu.linkonce.s.*)
 .sdata         0x00006fcc        0x8 c:/altera/12.1/nios2eds/bin/gnu/h-i686-mingw32/bin/../lib/gcc/nios2-elf/4.1.2/../../../../nios2-elf/lib/mno-hw-mul\libc.a(lib_a-impure.o)
                0x00006fcc                _impure_ptr
                0x00006fd0                _global_impure_ptr
 .sdata         0x00006fd4        0x8 c:/altera/12.1/nios2eds/bin/gnu/h-i686-mingw32/bin/../lib/gcc/nios2-elf/4.1.2/../../../../nios2-elf/lib/mno-hw-mul\libc.a(lib_a-mallocr.o)
                0x00006fd4                __malloc_trim_threshold
                0x00006fd8                __malloc_sbrk_base
 .sdata         0x00006fdc       0x14 ../HelloWorld_bsp/\libhal_bsp.a(alt_dev.o)
                0x00006fdc                alt_fs_list
                0x00006fe4                alt_dev_list
                0x00006fec                alt_max_fd
 .sdata         0x00006ff0        0x4 ../HelloWorld_bsp/\libhal_bsp.a(alt_errno.o)
                0x00006ff0                alt_errno
 .sdata         0x00006ff4        0x4 ../HelloWorld_bsp/\libhal_bsp.a(alt_sbrk.o)
 .sdata         0x00006ff8        0x4 ../HelloWorld_bsp/\libhal_bsp.a(alt_irq_vars.o)
                0x00006ff8                alt_priority_mask
 .sdata         0x00006ffc        0x8 ../HelloWorld_bsp/\libhal_bsp.a(alt_tick.o)
                0x00006ffc                alt_alarm_list
 *(.sdata2 .sdata2.* .gnu.linkonce.s2.*)
                0x00007004                . = ALIGN (0x4)
                0x00007004                _edata = ABSOLUTE (.)
                0x00007004                PROVIDE (edata, ABSOLUTE (.))
                0x00007004                PROVIDE (__ram_rwdata_end, ABSOLUTE (.))
                0x00007004                PROVIDE (__flash_rwdata_start, LOADADDR (.rwdata))

.bss            0x00008a4c      0x2e0
                0x00008a4c                __bss_start = ABSOLUTE (.)
                0x00008a4c                PROVIDE (__sbss_start, ABSOLUTE (.))
                0x00008a4c                PROVIDE (___sbss_start, ABSOLUTE (.))
 *(.dynsbss)
 *(.sbss .sbss.* .gnu.linkonce.sb.*)
 .sbss          0x00008a4c        0xc c:/altera/12.1/nios2eds/bin/gnu/h-i686-mingw32/bin/../lib/gcc/nios2-elf/4.1.2/../../../../nios2-elf/lib/mno-hw-mul\libc.a(lib_a-mallocr.o)
                0x00008a4c                __malloc_top_pad
                0x00008a50                __malloc_max_sbrked_mem
                0x00008a54                __malloc_max_total_mem
 .sbss          0x00008a58        0x4 c:/altera/12.1/nios2eds/bin/gnu/h-i686-mingw32/bin/../lib/gcc/nios2-elf/4.1.2/../../../../nios2-elf/lib/mno-hw-mul\libc.a(lib_a-int_errno.o)
                0x00008a58                errno
 .sbss          0x00008a5c        0xc ../HelloWorld_bsp/\libhal_bsp.a(alt_main.o)
                0x00008a5c                alt_argc
                0x00008a60                alt_argv
                0x00008a64                alt_envp
 .sbss          0x00008a68        0x4 ../HelloWorld_bsp/\libhal_bsp.a(alt_irq_vars.o)
                0x00008a68                alt_irq_active
 .sbss          0x00008a6c        0x8 ../HelloWorld_bsp/\libhal_bsp.a(alt_tick.o)
                0x00008a6c                _alt_tick_rate
                0x00008a70                _alt_nticks
 *(.sbss2 .sbss2.* .gnu.linkonce.sb2.*)
 *(.scommon)
                0x00008a74                PROVIDE (__sbss_end, ABSOLUTE (.))
                0x00008a74                PROVIDE (___sbss_end, ABSOLUTE (.))
 *(.dynbss)
 *(.bss .bss.* .gnu.linkonce.b.*)
 .bss           0x00008a74        0x0 ../HelloWorld_bsp//obj/HAL/src/crt0.o
 .bss           0x00008a74        0x0 obj/default/hello_world.o
 .bss           0x00008a74        0x0 c:/altera/12.1/nios2eds/bin/gnu/h-i686-mingw32/bin/../lib/gcc/nios2-elf/4.1.2/../../../../nios2-elf/lib/mno-hw-mul\libc.a(lib_a-puts.o)
 .bss           0x00008a74        0x0 c:/altera/12.1/nios2eds/bin/gnu/h-i686-mingw32/bin/../lib/gcc/nios2-elf/4.1.2/../../../../nios2-elf/lib/mno-hw-mul\libc.a(lib_a-strlen.o)
 .bss           0x00008a74        0x0 c:/altera/12.1/nios2eds/bin/gnu/h-i686-mingw32/bin/../lib/gcc/nios2-elf/4.1.2/../../../../nios2-elf/lib/mno-hw-mul\libc.a(lib_a-fvwrite.o)
 .bss           0x00008a74        0x0 c:/altera/12.1/nios2eds/bin/gnu/h-i686-mingw32/bin/../lib/gcc/nios2-elf/4.1.2/../../../../nios2-elf/lib/mno-hw-mul\libc.a(lib_a-impure.o)
 .bss           0x00008a74       0x28 c:/altera/12.1/nios2eds/bin/gnu/h-i686-mingw32/bin/../lib/gcc/nios2-elf/4.1.2/../../../../nios2-elf/lib/mno-hw-mul\libc.a(lib_a-mallocr.o)
                0x00008a74                __malloc_current_mallinfo
 .bss           0x00008a9c        0x0 c:/altera/12.1/nios2eds/bin/gnu/h-i686-mingw32/bin/../lib/gcc/nios2-elf/4.1.2/../../../../nios2-elf/lib/mno-hw-mul\libc.a(lib_a-memchr.o)
 .bss           0x00008a9c        0x0 c:/altera/12.1/nios2eds/bin/gnu/h-i686-mingw32/bin/../lib/gcc/nios2-elf/4.1.2/../../../../nios2-elf/lib/mno-hw-mul\libc.a(lib_a-memcpy.o)
 .bss           0x00008a9c        0x0 c:/altera/12.1/nios2eds/bin/gnu/h-i686-mingw32/bin/../lib/gcc/nios2-elf/4.1.2/../../../../nios2-elf/lib/mno-hw-mul\libc.a(lib_a-memmove.o)
 .bss           0x00008a9c        0x0 c:/altera/12.1/nios2eds/bin/gnu/h-i686-mingw32/bin/../lib/gcc/nios2-elf/4.1.2/../../../../nios2-elf/lib/mno-hw-mul\libc.a(lib_a-reallocr.o)
 .bss           0x00008a9c        0x0 c:/altera/12.1/nios2eds/bin/gnu/h-i686-mingw32/bin/../lib/gcc/nios2-elf/4.1.2/../../../../nios2-elf/lib/mno-hw-mul\libc.a(lib_a-sbrkr.o)
 .bss           0x00008a9c        0x0 c:/altera/12.1/nios2eds/bin/gnu/h-i686-mingw32/bin/../lib/gcc/nios2-elf/4.1.2/../../../../nios2-elf/lib/mno-hw-mul\libc.a(lib_a-wsetup.o)
 .bss           0x00008a9c        0x0 c:/altera/12.1/nios2eds/bin/gnu/h-i686-mingw32/bin/../lib/gcc/nios2-elf/4.1.2/../../../../nios2-elf/lib/mno-hw-mul\libc.a(lib_a-fflush.o)
 .bss           0x00008a9c        0x0 c:/altera/12.1/nios2eds/bin/gnu/h-i686-mingw32/bin/../lib/gcc/nios2-elf/4.1.2/../../../../nios2-elf/lib/mno-hw-mul\libc.a(lib_a-findfp.o)
 .bss           0x00008a9c        0x0 c:/altera/12.1/nios2eds/bin/gnu/h-i686-mingw32/bin/../lib/gcc/nios2-elf/4.1.2/../../../../nios2-elf/lib/mno-hw-mul\libc.a(lib_a-freer.o)
 .bss           0x00008a9c        0x0 c:/altera/12.1/nios2eds/bin/gnu/h-i686-mingw32/bin/../lib/gcc/nios2-elf/4.1.2/../../../../nios2-elf/lib/mno-hw-mul\libc.a(lib_a-fwalk.o)
 .bss           0x00008a9c        0x0 c:/altera/12.1/nios2eds/bin/gnu/h-i686-mingw32/bin/../lib/gcc/nios2-elf/4.1.2/../../../../nios2-elf/lib/mno-hw-mul\libc.a(lib_a-int_errno.o)
 .bss           0x00008a9c        0x0 c:/altera/12.1/nios2eds/bin/gnu/h-i686-mingw32/bin/../lib/gcc/nios2-elf/4.1.2/../../../../nios2-elf/lib/mno-hw-mul\libc.a(lib_a-makebuf.o)
 .bss           0x00008a9c        0x0 c:/altera/12.1/nios2eds/bin/gnu/h-i686-mingw32/bin/../lib/gcc/nios2-elf/4.1.2/../../../../nios2-elf/lib/mno-hw-mul\libc.a(lib_a-memset.o)
 .bss           0x00008a9c        0x0 c:/altera/12.1/nios2eds/bin/gnu/h-i686-mingw32/bin/../lib/gcc/nios2-elf/4.1.2/../../../../nios2-elf/lib/mno-hw-mul\libc.a(lib_a-stdio.o)
 .bss           0x00008a9c        0x0 c:/altera/12.1/nios2eds/bin/gnu/h-i686-mingw32/bin/../lib/gcc/nios2-elf/4.1.2/../../../../nios2-elf/lib/mno-hw-mul\libc.a(lib_a-writer.o)
 .bss           0x00008a9c        0x0 c:/altera/12.1/nios2eds/bin/gnu/h-i686-mingw32/bin/../lib/gcc/nios2-elf/4.1.2/../../../../nios2-elf/lib/mno-hw-mul\libc.a(lib_a-closer.o)
 .bss           0x00008a9c        0x0 c:/altera/12.1/nios2eds/bin/gnu/h-i686-mingw32/bin/../lib/gcc/nios2-elf/4.1.2/../../../../nios2-elf/lib/mno-hw-mul\libc.a(lib_a-fclose.o)
 .bss           0x00008a9c        0x0 c:/altera/12.1/nios2eds/bin/gnu/h-i686-mingw32/bin/../lib/gcc/nios2-elf/4.1.2/../../../../nios2-elf/lib/mno-hw-mul\libc.a(lib_a-fstatr.o)
 .bss           0x00008a9c        0x0 c:/altera/12.1/nios2eds/bin/gnu/h-i686-mingw32/bin/../lib/gcc/nios2-elf/4.1.2/../../../../nios2-elf/lib/mno-hw-mul\libc.a(lib_a-isattyr.o)
 .bss           0x00008a9c        0x0 c:/altera/12.1/nios2eds/bin/gnu/h-i686-mingw32/bin/../lib/gcc/nios2-elf/4.1.2/../../../../nios2-elf/lib/mno-hw-mul\libc.a(lib_a-lseekr.o)
 .bss           0x00008a9c        0x0 c:/altera/12.1/nios2eds/bin/gnu/h-i686-mingw32/bin/../lib/gcc/nios2-elf/4.1.2/../../../../nios2-elf/lib/mno-hw-mul\libc.a(lib_a-readr.o)
 .bss           0x00008a9c        0x0 c:/altera/12.1/nios2eds/bin/gnu/h-i686-mingw32/bin/../lib/gcc/nios2-elf/4.1.2/mno-hw-mul\libgcc.a(lib2-mul.o)
 .bss           0x00008a9c        0x0 ../HelloWorld_bsp/\libhal_bsp.a(alt_close.o)
 .bss           0x00008a9c        0x0 ../HelloWorld_bsp/\libhal_bsp.a(alt_dev.o)
 .bss           0x00008a9c        0x0 ../HelloWorld_bsp/\libhal_bsp.a(alt_errno.o)
 .bss           0x00008a9c        0x0 ../HelloWorld_bsp/\libhal_bsp.a(alt_fstat.o)
 .bss           0x00008a9c        0x0 ../HelloWorld_bsp/\libhal_bsp.a(alt_isatty.o)
 .bss           0x00008a9c        0x0 ../HelloWorld_bsp/\libhal_bsp.a(alt_load.o)
 .bss           0x00008a9c        0x0 ../HelloWorld_bsp/\libhal_bsp.a(alt_lseek.o)
 .bss           0x00008a9c        0x0 ../HelloWorld_bsp/\libhal_bsp.a(alt_main.o)
 .bss           0x00008a9c        0x0 ../HelloWorld_bsp/\libhal_bsp.a(alt_malloc_lock.o)
 .bss           0x00008a9c        0x0 ../HelloWorld_bsp/\libhal_bsp.a(alt_read.o)
 .bss           0x00008a9c        0x0 ../HelloWorld_bsp/\libhal_bsp.a(alt_release_fd.o)
 .bss           0x00008a9c        0x0 ../HelloWorld_bsp/\libhal_bsp.a(alt_sbrk.o)
 .bss           0x00008a9c        0x0 ../HelloWorld_bsp/\libhal_bsp.a(alt_write.o)
 .bss           0x00008a9c        0x0 ../HelloWorld_bsp/\libhal_bsp.a(alt_sys_init.o)
 .bss           0x00008a9c        0x0 ../HelloWorld_bsp/\libhal_bsp.a(altera_avalon_jtag_uart_fd.o)
 .bss           0x00008a9c        0x0 ../HelloWorld_bsp/\libhal_bsp.a(altera_avalon_jtag_uart_init.o)
 .bss           0x00008a9c        0x0 ../HelloWorld_bsp/\libhal_bsp.a(altera_avalon_jtag_uart_ioctl.o)
 .bss           0x00008a9c        0x0 ../HelloWorld_bsp/\libhal_bsp.a(altera_avalon_jtag_uart_read.o)
 .bss           0x00008a9c        0x0 ../HelloWorld_bsp/\libhal_bsp.a(altera_avalon_jtag_uart_write.o)
 .bss           0x00008a9c        0x0 ../HelloWorld_bsp/\libhal_bsp.a(alt_alarm_start.o)
 .bss           0x00008a9c        0x0 ../HelloWorld_bsp/\libhal_bsp.a(alt_dcache_flush_all.o)
 .bss           0x00008a9c        0x0 ../HelloWorld_bsp/\libhal_bsp.a(alt_dev_llist_insert.o)
 .bss           0x00008a9c        0x0 ../HelloWorld_bsp/\libhal_bsp.a(alt_do_ctors.o)
 .bss           0x00008a9c        0x0 ../HelloWorld_bsp/\libhal_bsp.a(alt_do_dtors.o)
 .bss           0x00008a9c        0x0 ../HelloWorld_bsp/\libhal_bsp.a(alt_icache_flush_all.o)
 .bss           0x00008a9c        0x0 ../HelloWorld_bsp/\libhal_bsp.a(alt_iic.o)
 .bss           0x00008a9c        0x0 ../HelloWorld_bsp/\libhal_bsp.a(alt_iic_isr_register.o)
 .bss           0x00008a9c        0x0 ../HelloWorld_bsp/\libhal_bsp.a(alt_io_redirect.o)
 .bss           0x00008a9c        0x0 ../HelloWorld_bsp/\libhal_bsp.a(alt_irq_entry.o)
 .bss           0x00008a9c        0x0 ../HelloWorld_bsp/\libhal_bsp.a(alt_irq_handler.o)
 .bss           0x00008a9c        0x0 ../HelloWorld_bsp/\libhal_bsp.a(alt_irq_vars.o)
 .bss           0x00008a9c        0x0 ../HelloWorld_bsp/\libhal_bsp.a(alt_open.o)
 .bss           0x00008a9c        0x0 ../HelloWorld_bsp/\libhal_bsp.a(alt_tick.o)
 .bss           0x00008a9c        0x0 ../HelloWorld_bsp/\libhal_bsp.a(altera_nios2_qsys_irq.o)
 .bss           0x00008a9c        0x0 ../HelloWorld_bsp/\libhal_bsp.a(alt_exception_entry.o)
 .bss           0x00008a9c        0x0 ../HelloWorld_bsp/\libhal_bsp.a(alt_find_dev.o)
 .bss           0x00008a9c        0x0 ../HelloWorld_bsp/\libhal_bsp.a(alt_find_file.o)
 .bss           0x00008a9c        0x0 ../HelloWorld_bsp/\libhal_bsp.a(alt_get_fd.o)
 .bss           0x00008a9c        0x0 ../HelloWorld_bsp/\libhal_bsp.a(alt_icache_flush.o)
 .bss           0x00008a9c        0x0 c:/altera/12.1/nios2eds/bin/gnu/h-i686-mingw32/bin/../lib/gcc/nios2-elf/4.1.2/../../../../nios2-elf/lib/mno-hw-mul\libc.a(lib_a-atexit.o)
 .bss           0x00008a9c        0x0 c:/altera/12.1/nios2eds/bin/gnu/h-i686-mingw32/bin/../lib/gcc/nios2-elf/4.1.2/../../../../nios2-elf/lib/mno-hw-mul\libc.a(lib_a-exit.o)
 .bss           0x00008a9c        0x0 c:/altera/12.1/nios2eds/bin/gnu/h-i686-mingw32/bin/../lib/gcc/nios2-elf/4.1.2/../../../../nios2-elf/lib/mno-hw-mul\libc.a(lib_a-memcmp.o)
 .bss           0x00008a9c        0x0 c:/altera/12.1/nios2eds/bin/gnu/h-i686-mingw32/bin/../lib/gcc/nios2-elf/4.1.2/../../../../nios2-elf/lib/mno-hw-mul\libc.a(lib_a-__atexit.o)
 .bss           0x00008a9c        0x0 c:/altera/12.1/nios2eds/bin/gnu/h-i686-mingw32/bin/../lib/gcc/nios2-elf/4.1.2/../../../../nios2-elf/lib/mno-hw-mul\libc.a(lib_a-__call_atexit.o)
 .bss           0x00008a9c        0x0 ../HelloWorld_bsp/\libhal_bsp.a(alt_exit.o)
 *(COMMON)
 COMMON         0x00008a9c      0x100 ../HelloWorld_bsp/\libhal_bsp.a(alt_irq_handler.o)
                0x00008a9c                alt_irq
 COMMON         0x00008b9c      0x190 c:/altera/12.1/nios2eds/bin/gnu/h-i686-mingw32/bin/../lib/gcc/nios2-elf/4.1.2/../../../../nios2-elf/lib/mno-hw-mul\libc.a(lib_a-atexit.o)
                0x00008b9c                _atexit0
                0x00008d2c                . = ALIGN (0x4)
                0x00008d2c                __bss_end = ABSOLUTE (.)

.onchip_memory2_0
                0x00008d2c        0x0
                0x00008d2c                PROVIDE (_alt_partition_onchip_memory2_0_start, ABSOLUTE (.))
 *(.onchip_memory2_0. onchip_memory2_0.*)
                0x00008d2c                . = ALIGN (0x4)
                0x00008d2c                PROVIDE (_alt_partition_onchip_memory2_0_end, ABSOLUTE (.))
                0x00008d2c                _end = ABSOLUTE (.)
                0x00008d2c                end = ABSOLUTE (.)
                0x00008d2c                __alt_stack_base = ABSOLUTE (.)
                0x00008d2c                PROVIDE (_alt_partition_onchip_memory2_0_load_addr, LOADADDR (.onchip_memory2_0))

.stab
 *(.stab)

.stabstr
 *(.stabstr)

.stab.excl
 *(.stab.excl)

.stab.exclstr
 *(.stab.exclstr)

.stab.index
 *(.stab.index)

.stab.indexstr
 *(.stab.indexstr)

.comment        0x00000000       0x23
 *(.comment)
 .comment       0x00000000       0x23 obj/default/hello_world.o
                                 0x24 (size before relaxing)
 .comment       0x00000000       0x24 c:/altera/12.1/nios2eds/bin/gnu/h-i686-mingw32/bin/../lib/gcc/nios2-elf/4.1.2/../../../../nios2-elf/lib/mno-hw-mul\libc.a(lib_a-puts.o)
 .comment       0x00000000       0x24 c:/altera/12.1/nios2eds/bin/gnu/h-i686-mingw32/bin/../lib/gcc/nios2-elf/4.1.2/../../../../nios2-elf/lib/mno-hw-mul\libc.a(lib_a-strlen.o)
 .comment       0x00000000       0x24 c:/altera/12.1/nios2eds/bin/gnu/h-i686-mingw32/bin/../lib/gcc/nios2-elf/4.1.2/../../../../nios2-elf/lib/mno-hw-mul\libc.a(lib_a-fvwrite.o)
 .comment       0x00000000       0x24 c:/altera/12.1/nios2eds/bin/gnu/h-i686-mingw32/bin/../lib/gcc/nios2-elf/4.1.2/../../../../nios2-elf/lib/mno-hw-mul\libc.a(lib_a-impure.o)
 .comment       0x00000000       0x24 c:/altera/12.1/nios2eds/bin/gnu/h-i686-mingw32/bin/../lib/gcc/nios2-elf/4.1.2/../../../../nios2-elf/lib/mno-hw-mul\libc.a(lib_a-mallocr.o)
 .comment       0x00000000       0x24 c:/altera/12.1/nios2eds/bin/gnu/h-i686-mingw32/bin/../lib/gcc/nios2-elf/4.1.2/../../../../nios2-elf/lib/mno-hw-mul\libc.a(lib_a-memchr.o)
 .comment       0x00000000       0x24 c:/altera/12.1/nios2eds/bin/gnu/h-i686-mingw32/bin/../lib/gcc/nios2-elf/4.1.2/../../../../nios2-elf/lib/mno-hw-mul\libc.a(lib_a-memcpy.o)
 .comment       0x00000000       0x24 c:/altera/12.1/nios2eds/bin/gnu/h-i686-mingw32/bin/../lib/gcc/nios2-elf/4.1.2/../../../../nios2-elf/lib/mno-hw-mul\libc.a(lib_a-memmove.o)
 .comment       0x00000000       0x24 c:/altera/12.1/nios2eds/bin/gnu/h-i686-mingw32/bin/../lib/gcc/nios2-elf/4.1.2/../../../../nios2-elf/lib/mno-hw-mul\libc.a(lib_a-reallocr.o)
 .comment       0x00000000       0x24 c:/altera/12.1/nios2eds/bin/gnu/h-i686-mingw32/bin/../lib/gcc/nios2-elf/4.1.2/../../../../nios2-elf/lib/mno-hw-mul\libc.a(lib_a-sbrkr.o)
 .comment       0x00000000       0x24 c:/altera/12.1/nios2eds/bin/gnu/h-i686-mingw32/bin/../lib/gcc/nios2-elf/4.1.2/../../../../nios2-elf/lib/mno-hw-mul\libc.a(lib_a-wsetup.o)
 .comment       0x00000000       0x24 c:/altera/12.1/nios2eds/bin/gnu/h-i686-mingw32/bin/../lib/gcc/nios2-elf/4.1.2/../../../../nios2-elf/lib/mno-hw-mul\libc.a(lib_a-fflush.o)
 .comment       0x00000000       0x24 c:/altera/12.1/nios2eds/bin/gnu/h-i686-mingw32/bin/../lib/gcc/nios2-elf/4.1.2/../../../../nios2-elf/lib/mno-hw-mul\libc.a(lib_a-findfp.o)
 .comment       0x00000000       0x24 c:/altera/12.1/nios2eds/bin/gnu/h-i686-mingw32/bin/../lib/gcc/nios2-elf/4.1.2/../../../../nios2-elf/lib/mno-hw-mul\libc.a(lib_a-freer.o)
 .comment       0x00000000       0x24 c:/altera/12.1/nios2eds/bin/gnu/h-i686-mingw32/bin/../lib/gcc/nios2-elf/4.1.2/../../../../nios2-elf/lib/mno-hw-mul\libc.a(lib_a-fwalk.o)
 .comment       0x00000000       0x24 c:/altera/12.1/nios2eds/bin/gnu/h-i686-mingw32/bin/../lib/gcc/nios2-elf/4.1.2/../../../../nios2-elf/lib/mno-hw-mul\libc.a(lib_a-int_errno.o)
 .comment       0x00000000       0x24 c:/altera/12.1/nios2eds/bin/gnu/h-i686-mingw32/bin/../lib/gcc/nios2-elf/4.1.2/../../../../nios2-elf/lib/mno-hw-mul\libc.a(lib_a-makebuf.o)
 .comment       0x00000000       0x24 c:/altera/12.1/nios2eds/bin/gnu/h-i686-mingw32/bin/../lib/gcc/nios2-elf/4.1.2/../../../../nios2-elf/lib/mno-hw-mul\libc.a(lib_a-memset.o)
 .comment       0x00000000       0x24 c:/altera/12.1/nios2eds/bin/gnu/h-i686-mingw32/bin/../lib/gcc/nios2-elf/4.1.2/../../../../nios2-elf/lib/mno-hw-mul\libc.a(lib_a-stdio.o)
 .comment       0x00000000       0x24 c:/altera/12.1/nios2eds/bin/gnu/h-i686-mingw32/bin/../lib/gcc/nios2-elf/4.1.2/../../../../nios2-elf/lib/mno-hw-mul\libc.a(lib_a-writer.o)
 .comment       0x00000000       0x24 c:/altera/12.1/nios2eds/bin/gnu/h-i686-mingw32/bin/../lib/gcc/nios2-elf/4.1.2/../../../../nios2-elf/lib/mno-hw-mul\libc.a(lib_a-closer.o)
 .comment       0x00000000       0x24 c:/altera/12.1/nios2eds/bin/gnu/h-i686-mingw32/bin/../lib/gcc/nios2-elf/4.1.2/../../../../nios2-elf/lib/mno-hw-mul\libc.a(lib_a-fclose.o)
 .comment       0x00000000       0x24 c:/altera/12.1/nios2eds/bin/gnu/h-i686-mingw32/bin/../lib/gcc/nios2-elf/4.1.2/../../../../nios2-elf/lib/mno-hw-mul\libc.a(lib_a-fstatr.o)
 .comment       0x00000000       0x24 c:/altera/12.1/nios2eds/bin/gnu/h-i686-mingw32/bin/../lib/gcc/nios2-elf/4.1.2/../../../../nios2-elf/lib/mno-hw-mul\libc.a(lib_a-isattyr.o)
 .comment       0x00000000       0x24 c:/altera/12.1/nios2eds/bin/gnu/h-i686-mingw32/bin/../lib/gcc/nios2-elf/4.1.2/../../../../nios2-elf/lib/mno-hw-mul\libc.a(lib_a-lseekr.o)
 .comment       0x00000000       0x24 c:/altera/12.1/nios2eds/bin/gnu/h-i686-mingw32/bin/../lib/gcc/nios2-elf/4.1.2/../../../../nios2-elf/lib/mno-hw-mul\libc.a(lib_a-readr.o)
 .comment       0x00000000       0x24 c:/altera/12.1/nios2eds/bin/gnu/h-i686-mingw32/bin/../lib/gcc/nios2-elf/4.1.2/mno-hw-mul\libgcc.a(lib2-mul.o)
 .comment       0x00000000       0x24 ../HelloWorld_bsp/\libhal_bsp.a(alt_close.o)
 .comment       0x00000000       0x24 ../HelloWorld_bsp/\libhal_bsp.a(alt_dev.o)
 .comment       0x00000000       0x24 ../HelloWorld_bsp/\libhal_bsp.a(alt_errno.o)
 .comment       0x00000000       0x24 ../HelloWorld_bsp/\libhal_bsp.a(alt_fstat.o)
 .comment       0x00000000       0x24 ../HelloWorld_bsp/\libhal_bsp.a(alt_isatty.o)
 .comment       0x00000000       0x24 ../HelloWorld_bsp/\libhal_bsp.a(alt_load.o)
 .comment       0x00000000       0x24 ../HelloWorld_bsp/\libhal_bsp.a(alt_lseek.o)
 .comment       0x00000000       0x24 ../HelloWorld_bsp/\libhal_bsp.a(alt_main.o)
 .comment       0x00000000       0x24 ../HelloWorld_bsp/\libhal_bsp.a(alt_malloc_lock.o)
 .comment       0x00000000       0x24 ../HelloWorld_bsp/\libhal_bsp.a(alt_read.o)
 .comment       0x00000000       0x24 ../HelloWorld_bsp/\libhal_bsp.a(alt_release_fd.o)
 .comment       0x00000000       0x24 ../HelloWorld_bsp/\libhal_bsp.a(alt_sbrk.o)
 .comment       0x00000000       0x24 ../HelloWorld_bsp/\libhal_bsp.a(alt_write.o)
 .comment       0x00000000       0x24 ../HelloWorld_bsp/\libhal_bsp.a(alt_sys_init.o)
 .comment       0x00000000       0x24 ../HelloWorld_bsp/\libhal_bsp.a(altera_avalon_jtag_uart_fd.o)
 .comment       0x00000000       0x24 ../HelloWorld_bsp/\libhal_bsp.a(altera_avalon_jtag_uart_init.o)
 .comment       0x00000000       0x24 ../HelloWorld_bsp/\libhal_bsp.a(altera_avalon_jtag_uart_ioctl.o)
 .comment       0x00000000       0x24 ../HelloWorld_bsp/\libhal_bsp.a(altera_avalon_jtag_uart_read.o)
 .comment       0x00000000       0x24 ../HelloWorld_bsp/\libhal_bsp.a(altera_avalon_jtag_uart_write.o)
 .comment       0x00000000       0x24 ../HelloWorld_bsp/\libhal_bsp.a(alt_alarm_start.o)
 .comment       0x00000000       0x24 ../HelloWorld_bsp/\libhal_bsp.a(alt_dcache_flush_all.o)
 .comment       0x00000000       0x24 ../HelloWorld_bsp/\libhal_bsp.a(alt_dev_llist_insert.o)
 .comment       0x00000000       0x24 ../HelloWorld_bsp/\libhal_bsp.a(alt_do_ctors.o)
 .comment       0x00000000       0x24 ../HelloWorld_bsp/\libhal_bsp.a(alt_do_dtors.o)
 .comment       0x00000000       0x24 ../HelloWorld_bsp/\libhal_bsp.a(alt_icache_flush_all.o)
 .comment       0x00000000       0x24 ../HelloWorld_bsp/\libhal_bsp.a(alt_iic.o)
 .comment       0x00000000       0x24 ../HelloWorld_bsp/\libhal_bsp.a(alt_iic_isr_register.o)
 .comment       0x00000000       0x24 ../HelloWorld_bsp/\libhal_bsp.a(alt_io_redirect.o)
 .comment       0x00000000       0x24 ../HelloWorld_bsp/\libhal_bsp.a(alt_irq_handler.o)
 .comment       0x00000000       0x24 ../HelloWorld_bsp/\libhal_bsp.a(alt_irq_vars.o)
 .comment       0x00000000       0x24 ../HelloWorld_bsp/\libhal_bsp.a(alt_open.o)
 .comment       0x00000000       0x24 ../HelloWorld_bsp/\libhal_bsp.a(alt_tick.o)
 .comment       0x00000000       0x24 ../HelloWorld_bsp/\libhal_bsp.a(altera_nios2_qsys_irq.o)
 .comment       0x00000000       0x24 ../HelloWorld_bsp/\libhal_bsp.a(alt_find_dev.o)
 .comment       0x00000000       0x24 ../HelloWorld_bsp/\libhal_bsp.a(alt_find_file.o)
 .comment       0x00000000       0x24 ../HelloWorld_bsp/\libhal_bsp.a(alt_get_fd.o)
 .comment       0x00000000       0x24 ../HelloWorld_bsp/\libhal_bsp.a(alt_icache_flush.o)
 .comment       0x00000000       0x24 c:/altera/12.1/nios2eds/bin/gnu/h-i686-mingw32/bin/../lib/gcc/nios2-elf/4.1.2/../../../../nios2-elf/lib/mno-hw-mul\libc.a(lib_a-atexit.o)
 .comment       0x00000000       0x24 c:/altera/12.1/nios2eds/bin/gnu/h-i686-mingw32/bin/../lib/gcc/nios2-elf/4.1.2/../../../../nios2-elf/lib/mno-hw-mul\libc.a(lib_a-exit.o)
 .comment       0x00000000       0x24 c:/altera/12.1/nios2eds/bin/gnu/h-i686-mingw32/bin/../lib/gcc/nios2-elf/4.1.2/../../../../nios2-elf/lib/mno-hw-mul\libc.a(lib_a-memcmp.o)
 .comment       0x00000000       0x24 c:/altera/12.1/nios2eds/bin/gnu/h-i686-mingw32/bin/../lib/gcc/nios2-elf/4.1.2/../../../../nios2-elf/lib/mno-hw-mul\libc.a(lib_a-__atexit.o)
 .comment       0x00000000       0x24 c:/altera/12.1/nios2eds/bin/gnu/h-i686-mingw32/bin/../lib/gcc/nios2-elf/4.1.2/../../../../nios2-elf/lib/mno-hw-mul\libc.a(lib_a-__call_atexit.o)
 .comment       0x00000000       0x24 ../HelloWorld_bsp/\libhal_bsp.a(alt_exit.o)

.debug
 *(.debug)

.line
 *(.line)

.debug_srcinfo
 *(.debug_srcinfo)

.debug_sfnames
 *(.debug_sfnames)

.debug_aranges  0x00000000      0x8f8
 *(.debug_aranges)
 .debug_aranges
                0x00000000       0x28 ../HelloWorld_bsp//obj/HAL/src/crt0.o
 .debug_aranges
                0x00000028       0x20 obj/default/hello_world.o
 .debug_aranges
                0x00000048       0x20 c:/altera/12.1/nios2eds/bin/gnu/h-i686-mingw32/bin/../lib/gcc/nios2-elf/4.1.2/../../../../nios2-elf/lib/mno-hw-mul\libc.a(lib_a-puts.o)
 .debug_aranges
                0x00000068       0x20 c:/altera/12.1/nios2eds/bin/gnu/h-i686-mingw32/bin/../lib/gcc/nios2-elf/4.1.2/../../../../nios2-elf/lib/mno-hw-mul\libc.a(lib_a-strlen.o)
 .debug_aranges
                0x00000088       0x20 c:/altera/12.1/nios2eds/bin/gnu/h-i686-mingw32/bin/../lib/gcc/nios2-elf/4.1.2/../../../../nios2-elf/lib/mno-hw-mul\libc.a(lib_a-fvwrite.o)
 .debug_aranges
                0x000000a8       0x20 c:/altera/12.1/nios2eds/bin/gnu/h-i686-mingw32/bin/../lib/gcc/nios2-elf/4.1.2/../../../../nios2-elf/lib/mno-hw-mul\libc.a(lib_a-mallocr.o)
 .debug_aranges
                0x000000c8       0x20 c:/altera/12.1/nios2eds/bin/gnu/h-i686-mingw32/bin/../lib/gcc/nios2-elf/4.1.2/../../../../nios2-elf/lib/mno-hw-mul\libc.a(lib_a-memchr.o)
 .debug_aranges
                0x000000e8       0x20 c:/altera/12.1/nios2eds/bin/gnu/h-i686-mingw32/bin/../lib/gcc/nios2-elf/4.1.2/../../../../nios2-elf/lib/mno-hw-mul\libc.a(lib_a-memcpy.o)
 .debug_aranges
                0x00000108       0x20 c:/altera/12.1/nios2eds/bin/gnu/h-i686-mingw32/bin/../lib/gcc/nios2-elf/4.1.2/../../../../nios2-elf/lib/mno-hw-mul\libc.a(lib_a-memmove.o)
 .debug_aranges
                0x00000128       0x20 c:/altera/12.1/nios2eds/bin/gnu/h-i686-mingw32/bin/../lib/gcc/nios2-elf/4.1.2/../../../../nios2-elf/lib/mno-hw-mul\libc.a(lib_a-reallocr.o)
 .debug_aranges
                0x00000148       0x20 c:/altera/12.1/nios2eds/bin/gnu/h-i686-mingw32/bin/../lib/gcc/nios2-elf/4.1.2/../../../../nios2-elf/lib/mno-hw-mul\libc.a(lib_a-sbrkr.o)
 .debug_aranges
                0x00000168       0x20 c:/altera/12.1/nios2eds/bin/gnu/h-i686-mingw32/bin/../lib/gcc/nios2-elf/4.1.2/../../../../nios2-elf/lib/mno-hw-mul\libc.a(lib_a-wsetup.o)
 .debug_aranges
                0x00000188       0x20 c:/altera/12.1/nios2eds/bin/gnu/h-i686-mingw32/bin/../lib/gcc/nios2-elf/4.1.2/../../../../nios2-elf/lib/mno-hw-mul\libc.a(lib_a-fflush.o)
 .debug_aranges
                0x000001a8       0x20 c:/altera/12.1/nios2eds/bin/gnu/h-i686-mingw32/bin/../lib/gcc/nios2-elf/4.1.2/../../../../nios2-elf/lib/mno-hw-mul\libc.a(lib_a-findfp.o)
 .debug_aranges
                0x000001c8       0x20 c:/altera/12.1/nios2eds/bin/gnu/h-i686-mingw32/bin/../lib/gcc/nios2-elf/4.1.2/../../../../nios2-elf/lib/mno-hw-mul\libc.a(lib_a-freer.o)
 .debug_aranges
                0x000001e8       0x20 c:/altera/12.1/nios2eds/bin/gnu/h-i686-mingw32/bin/../lib/gcc/nios2-elf/4.1.2/../../../../nios2-elf/lib/mno-hw-mul\libc.a(lib_a-fwalk.o)
 .debug_aranges
                0x00000208       0x20 c:/altera/12.1/nios2eds/bin/gnu/h-i686-mingw32/bin/../lib/gcc/nios2-elf/4.1.2/../../../../nios2-elf/lib/mno-hw-mul\libc.a(lib_a-makebuf.o)
 .debug_aranges
                0x00000228       0x20 c:/altera/12.1/nios2eds/bin/gnu/h-i686-mingw32/bin/../lib/gcc/nios2-elf/4.1.2/../../../../nios2-elf/lib/mno-hw-mul\libc.a(lib_a-memset.o)
 .debug_aranges
                0x00000248       0x20 c:/altera/12.1/nios2eds/bin/gnu/h-i686-mingw32/bin/../lib/gcc/nios2-elf/4.1.2/../../../../nios2-elf/lib/mno-hw-mul\libc.a(lib_a-stdio.o)
 .debug_aranges
                0x00000268       0x20 c:/altera/12.1/nios2eds/bin/gnu/h-i686-mingw32/bin/../lib/gcc/nios2-elf/4.1.2/../../../../nios2-elf/lib/mno-hw-mul\libc.a(lib_a-writer.o)
 .debug_aranges
                0x00000288       0x20 c:/altera/12.1/nios2eds/bin/gnu/h-i686-mingw32/bin/../lib/gcc/nios2-elf/4.1.2/../../../../nios2-elf/lib/mno-hw-mul\libc.a(lib_a-closer.o)
 .debug_aranges
                0x000002a8       0x20 c:/altera/12.1/nios2eds/bin/gnu/h-i686-mingw32/bin/../lib/gcc/nios2-elf/4.1.2/../../../../nios2-elf/lib/mno-hw-mul\libc.a(lib_a-fclose.o)
 .debug_aranges
                0x000002c8       0x20 c:/altera/12.1/nios2eds/bin/gnu/h-i686-mingw32/bin/../lib/gcc/nios2-elf/4.1.2/../../../../nios2-elf/lib/mno-hw-mul\libc.a(lib_a-fstatr.o)
 .debug_aranges
                0x000002e8       0x20 c:/altera/12.1/nios2eds/bin/gnu/h-i686-mingw32/bin/../lib/gcc/nios2-elf/4.1.2/../../../../nios2-elf/lib/mno-hw-mul\libc.a(lib_a-isattyr.o)
 .debug_aranges
                0x00000308       0x20 c:/altera/12.1/nios2eds/bin/gnu/h-i686-mingw32/bin/../lib/gcc/nios2-elf/4.1.2/../../../../nios2-elf/lib/mno-hw-mul\libc.a(lib_a-lseekr.o)
 .debug_aranges
                0x00000328       0x20 c:/altera/12.1/nios2eds/bin/gnu/h-i686-mingw32/bin/../lib/gcc/nios2-elf/4.1.2/../../../../nios2-elf/lib/mno-hw-mul\libc.a(lib_a-readr.o)
 .debug_aranges
                0x00000348       0x20 c:/altera/12.1/nios2eds/bin/gnu/h-i686-mingw32/bin/../lib/gcc/nios2-elf/4.1.2/mno-hw-mul\libgcc.a(lib2-mul.o)
 .debug_aranges
                0x00000368       0x20 ../HelloWorld_bsp/\libhal_bsp.a(alt_close.o)
 .debug_aranges
                0x00000388       0x20 ../HelloWorld_bsp/\libhal_bsp.a(alt_dev.o)
 .debug_aranges
                0x000003a8       0x20 ../HelloWorld_bsp/\libhal_bsp.a(alt_fstat.o)
 .debug_aranges
                0x000003c8       0x20 ../HelloWorld_bsp/\libhal_bsp.a(alt_isatty.o)
 .debug_aranges
                0x000003e8       0x20 ../HelloWorld_bsp/\libhal_bsp.a(alt_load.o)
 .debug_aranges
                0x00000408       0x20 ../HelloWorld_bsp/\libhal_bsp.a(alt_lseek.o)
 .debug_aranges
                0x00000428       0x20 ../HelloWorld_bsp/\libhal_bsp.a(alt_main.o)
 .debug_aranges
                0x00000448       0x20 ../HelloWorld_bsp/\libhal_bsp.a(alt_malloc_lock.o)
 .debug_aranges
                0x00000468       0x20 ../HelloWorld_bsp/\libhal_bsp.a(alt_read.o)
 .debug_aranges
                0x00000488       0x20 ../HelloWorld_bsp/\libhal_bsp.a(alt_release_fd.o)
 .debug_aranges
                0x000004a8       0x20 ../HelloWorld_bsp/\libhal_bsp.a(alt_sbrk.o)
 .debug_aranges
                0x000004c8       0x20 ../HelloWorld_bsp/\libhal_bsp.a(alt_write.o)
 .debug_aranges
                0x000004e8       0x20 ../HelloWorld_bsp/\libhal_bsp.a(alt_sys_init.o)
 .debug_aranges
                0x00000508       0x20 ../HelloWorld_bsp/\libhal_bsp.a(altera_avalon_jtag_uart_fd.o)
 .debug_aranges
                0x00000528       0x20 ../HelloWorld_bsp/\libhal_bsp.a(altera_avalon_jtag_uart_init.o)
 .debug_aranges
                0x00000548       0x20 ../HelloWorld_bsp/\libhal_bsp.a(altera_avalon_jtag_uart_ioctl.o)
 .debug_aranges
                0x00000568       0x20 ../HelloWorld_bsp/\libhal_bsp.a(altera_avalon_jtag_uart_read.o)
 .debug_aranges
                0x00000588       0x20 ../HelloWorld_bsp/\libhal_bsp.a(altera_avalon_jtag_uart_write.o)
 .debug_aranges
                0x000005a8       0x20 ../HelloWorld_bsp/\libhal_bsp.a(alt_alarm_start.o)
 .debug_aranges
                0x000005c8       0x20 ../HelloWorld_bsp/\libhal_bsp.a(alt_dcache_flush_all.o)
 .debug_aranges
                0x000005e8       0x20 ../HelloWorld_bsp/\libhal_bsp.a(alt_dev_llist_insert.o)
 .debug_aranges
                0x00000608       0x20 ../HelloWorld_bsp/\libhal_bsp.a(alt_do_ctors.o)
 .debug_aranges
                0x00000628       0x20 ../HelloWorld_bsp/\libhal_bsp.a(alt_do_dtors.o)
 .debug_aranges
                0x00000648       0x20 ../HelloWorld_bsp/\libhal_bsp.a(alt_icache_flush_all.o)
 .debug_aranges
                0x00000668       0x20 ../HelloWorld_bsp/\libhal_bsp.a(alt_iic.o)
 .debug_aranges
                0x00000688       0x20 ../HelloWorld_bsp/\libhal_bsp.a(alt_iic_isr_register.o)
 .debug_aranges
                0x000006a8       0x20 ../HelloWorld_bsp/\libhal_bsp.a(alt_io_redirect.o)
 .debug_aranges
                0x000006c8       0x30 ../HelloWorld_bsp/\libhal_bsp.a(alt_irq_entry.o)
 .debug_aranges
                0x000006f8       0x28 ../HelloWorld_bsp/\libhal_bsp.a(alt_irq_handler.o)
 .debug_aranges
                0x00000720       0x20 ../HelloWorld_bsp/\libhal_bsp.a(alt_open.o)
 .debug_aranges
                0x00000740       0x20 ../HelloWorld_bsp/\libhal_bsp.a(alt_tick.o)
 .debug_aranges
                0x00000760       0x20 ../HelloWorld_bsp/\libhal_bsp.a(altera_nios2_qsys_irq.o)
 .debug_aranges
                0x00000780       0x38 ../HelloWorld_bsp/\libhal_bsp.a(alt_exception_entry.o)
 .debug_aranges
                0x000007b8       0x20 ../HelloWorld_bsp/\libhal_bsp.a(alt_find_dev.o)
 .debug_aranges
                0x000007d8       0x20 ../HelloWorld_bsp/\libhal_bsp.a(alt_find_file.o)
 .debug_aranges
                0x000007f8       0x20 ../HelloWorld_bsp/\libhal_bsp.a(alt_get_fd.o)
 .debug_aranges
                0x00000818       0x20 ../HelloWorld_bsp/\libhal_bsp.a(alt_icache_flush.o)
 .debug_aranges
                0x00000838       0x20 c:/altera/12.1/nios2eds/bin/gnu/h-i686-mingw32/bin/../lib/gcc/nios2-elf/4.1.2/../../../../nios2-elf/lib/mno-hw-mul\libc.a(lib_a-atexit.o)
 .debug_aranges
                0x00000858       0x20 c:/altera/12.1/nios2eds/bin/gnu/h-i686-mingw32/bin/../lib/gcc/nios2-elf/4.1.2/../../../../nios2-elf/lib/mno-hw-mul\libc.a(lib_a-exit.o)
 .debug_aranges
                0x00000878       0x20 c:/altera/12.1/nios2eds/bin/gnu/h-i686-mingw32/bin/../lib/gcc/nios2-elf/4.1.2/../../../../nios2-elf/lib/mno-hw-mul\libc.a(lib_a-memcmp.o)
 .debug_aranges
                0x00000898       0x20 c:/altera/12.1/nios2eds/bin/gnu/h-i686-mingw32/bin/../lib/gcc/nios2-elf/4.1.2/../../../../nios2-elf/lib/mno-hw-mul\libc.a(lib_a-__atexit.o)
 .debug_aranges
                0x000008b8       0x20 c:/altera/12.1/nios2eds/bin/gnu/h-i686-mingw32/bin/../lib/gcc/nios2-elf/4.1.2/../../../../nios2-elf/lib/mno-hw-mul\libc.a(lib_a-__call_atexit.o)
 .debug_aranges
                0x000008d8       0x20 ../HelloWorld_bsp/\libhal_bsp.a(alt_exit.o)

.debug_pubnames
                0x00000000      0xd41
 *(.debug_pubnames)
 .debug_pubnames
                0x00000000       0x1b obj/default/hello_world.o
 .debug_pubnames
                0x0000001b       0x27 c:/altera/12.1/nios2eds/bin/gnu/h-i686-mingw32/bin/../lib/gcc/nios2-elf/4.1.2/../../../../nios2-elf/lib/mno-hw-mul\libc.a(lib_a-puts.o)
 .debug_pubnames
                0x00000042       0x1d c:/altera/12.1/nios2eds/bin/gnu/h-i686-mingw32/bin/../lib/gcc/nios2-elf/4.1.2/../../../../nios2-elf/lib/mno-hw-mul\libc.a(lib_a-strlen.o)
 .debug_pubnames
                0x0000005f       0x23 c:/altera/12.1/nios2eds/bin/gnu/h-i686-mingw32/bin/../lib/gcc/nios2-elf/4.1.2/../../../../nios2-elf/lib/mno-hw-mul\libc.a(lib_a-fvwrite.o)
 .debug_pubnames
                0x00000082       0x39 c:/altera/12.1/nios2eds/bin/gnu/h-i686-mingw32/bin/../lib/gcc/nios2-elf/4.1.2/../../../../nios2-elf/lib/mno-hw-mul\libc.a(lib_a-impure.o)
 .debug_pubnames
                0x000000bb       0xce c:/altera/12.1/nios2eds/bin/gnu/h-i686-mingw32/bin/../lib/gcc/nios2-elf/4.1.2/../../../../nios2-elf/lib/mno-hw-mul\libc.a(lib_a-mallocr.o)
 .debug_pubnames
                0x00000189       0x1d c:/altera/12.1/nios2eds/bin/gnu/h-i686-mingw32/bin/../lib/gcc/nios2-elf/4.1.2/../../../../nios2-elf/lib/mno-hw-mul\libc.a(lib_a-memchr.o)
 .debug_pubnames
                0x000001a6       0x1d c:/altera/12.1/nios2eds/bin/gnu/h-i686-mingw32/bin/../lib/gcc/nios2-elf/4.1.2/../../../../nios2-elf/lib/mno-hw-mul\libc.a(lib_a-memcpy.o)
 .debug_pubnames
                0x000001c3       0x1e c:/altera/12.1/nios2eds/bin/gnu/h-i686-mingw32/bin/../lib/gcc/nios2-elf/4.1.2/../../../../nios2-elf/lib/mno-hw-mul\libc.a(lib_a-memmove.o)
 .debug_pubnames
                0x000001e1       0x21 c:/altera/12.1/nios2eds/bin/gnu/h-i686-mingw32/bin/../lib/gcc/nios2-elf/4.1.2/../../../../nios2-elf/lib/mno-hw-mul\libc.a(lib_a-reallocr.o)
 .debug_pubnames
                0x00000202       0x1e c:/altera/12.1/nios2eds/bin/gnu/h-i686-mingw32/bin/../lib/gcc/nios2-elf/4.1.2/../../../../nios2-elf/lib/mno-hw-mul\libc.a(lib_a-sbrkr.o)
 .debug_pubnames
                0x00000220       0x22 c:/altera/12.1/nios2eds/bin/gnu/h-i686-mingw32/bin/../lib/gcc/nios2-elf/4.1.2/../../../../nios2-elf/lib/mno-hw-mul\libc.a(lib_a-wsetup.o)
 .debug_pubnames
                0x00000242       0x2b c:/altera/12.1/nios2eds/bin/gnu/h-i686-mingw32/bin/../lib/gcc/nios2-elf/4.1.2/../../../../nios2-elf/lib/mno-hw-mul\libc.a(lib_a-fflush.o)
 .debug_pubnames
                0x0000026d       0xdb c:/altera/12.1/nios2eds/bin/gnu/h-i686-mingw32/bin/../lib/gcc/nios2-elf/4.1.2/../../../../nios2-elf/lib/mno-hw-mul\libc.a(lib_a-findfp.o)
 .debug_pubnames
                0x00000348       0x31 c:/altera/12.1/nios2eds/bin/gnu/h-i686-mingw32/bin/../lib/gcc/nios2-elf/4.1.2/../../../../nios2-elf/lib/mno-hw-mul\libc.a(lib_a-freer.o)
 .debug_pubnames
                0x00000379       0x2e c:/altera/12.1/nios2eds/bin/gnu/h-i686-mingw32/bin/../lib/gcc/nios2-elf/4.1.2/../../../../nios2-elf/lib/mno-hw-mul\libc.a(lib_a-fwalk.o)
 .debug_pubnames
                0x000003a7       0x1c c:/altera/12.1/nios2eds/bin/gnu/h-i686-mingw32/bin/../lib/gcc/nios2-elf/4.1.2/../../../../nios2-elf/lib/mno-hw-mul\libc.a(lib_a-int_errno.o)
 .debug_pubnames
                0x000003c3       0x23 c:/altera/12.1/nios2eds/bin/gnu/h-i686-mingw32/bin/../lib/gcc/nios2-elf/4.1.2/../../../../nios2-elf/lib/mno-hw-mul\libc.a(lib_a-makebuf.o)
 .debug_pubnames
                0x000003e6       0x1d c:/altera/12.1/nios2eds/bin/gnu/h-i686-mingw32/bin/../lib/gcc/nios2-elf/4.1.2/../../../../nios2-elf/lib/mno-hw-mul\libc.a(lib_a-memset.o)
 .debug_pubnames
                0x00000403       0x44 c:/altera/12.1/nios2eds/bin/gnu/h-i686-mingw32/bin/../lib/gcc/nios2-elf/4.1.2/../../../../nios2-elf/lib/mno-hw-mul\libc.a(lib_a-stdio.o)
 .debug_pubnames
                0x00000447       0x1f c:/altera/12.1/nios2eds/bin/gnu/h-i686-mingw32/bin/../lib/gcc/nios2-elf/4.1.2/../../../../nios2-elf/lib/mno-hw-mul\libc.a(lib_a-writer.o)
 .debug_pubnames
                0x00000466       0x1f c:/altera/12.1/nios2eds/bin/gnu/h-i686-mingw32/bin/../lib/gcc/nios2-elf/4.1.2/../../../../nios2-elf/lib/mno-hw-mul\libc.a(lib_a-closer.o)
 .debug_pubnames
                0x00000485       0x2b c:/altera/12.1/nios2eds/bin/gnu/h-i686-mingw32/bin/../lib/gcc/nios2-elf/4.1.2/../../../../nios2-elf/lib/mno-hw-mul\libc.a(lib_a-fclose.o)
 .debug_pubnames
                0x000004b0       0x1f c:/altera/12.1/nios2eds/bin/gnu/h-i686-mingw32/bin/../lib/gcc/nios2-elf/4.1.2/../../../../nios2-elf/lib/mno-hw-mul\libc.a(lib_a-fstatr.o)
 .debug_pubnames
                0x000004cf       0x20 c:/altera/12.1/nios2eds/bin/gnu/h-i686-mingw32/bin/../lib/gcc/nios2-elf/4.1.2/../../../../nios2-elf/lib/mno-hw-mul\libc.a(lib_a-isattyr.o)
 .debug_pubnames
                0x000004ef       0x1f c:/altera/12.1/nios2eds/bin/gnu/h-i686-mingw32/bin/../lib/gcc/nios2-elf/4.1.2/../../../../nios2-elf/lib/mno-hw-mul\libc.a(lib_a-lseekr.o)
 .debug_pubnames
                0x0000050e       0x1e c:/altera/12.1/nios2eds/bin/gnu/h-i686-mingw32/bin/../lib/gcc/nios2-elf/4.1.2/../../../../nios2-elf/lib/mno-hw-mul\libc.a(lib_a-readr.o)
 .debug_pubnames
                0x0000052c       0x1f c:/altera/12.1/nios2eds/bin/gnu/h-i686-mingw32/bin/../lib/gcc/nios2-elf/4.1.2/mno-hw-mul\libgcc.a(lib2-mul.o)
 .debug_pubnames
                0x0000054b       0x1c ../HelloWorld_bsp/\libhal_bsp.a(alt_close.o)
 .debug_pubnames
                0x00000567       0x63 ../HelloWorld_bsp/\libhal_bsp.a(alt_dev.o)
 .debug_pubnames
                0x000005ca       0x20 ../HelloWorld_bsp/\libhal_bsp.a(alt_errno.o)
 .debug_pubnames
                0x000005ea       0x1c ../HelloWorld_bsp/\libhal_bsp.a(alt_fstat.o)
 .debug_pubnames
                0x00000606       0x1d ../HelloWorld_bsp/\libhal_bsp.a(alt_isatty.o)
 .debug_pubnames
                0x00000623       0x1f ../HelloWorld_bsp/\libhal_bsp.a(alt_load.o)
 .debug_pubnames
                0x00000642       0x1c ../HelloWorld_bsp/\libhal_bsp.a(alt_lseek.o)
 .debug_pubnames
                0x0000065e       0x46 ../HelloWorld_bsp/\libhal_bsp.a(alt_main.o)
 .debug_pubnames
                0x000006a4       0x38 ../HelloWorld_bsp/\libhal_bsp.a(alt_malloc_lock.o)
 .debug_pubnames
                0x000006dc       0x1b ../HelloWorld_bsp/\libhal_bsp.a(alt_read.o)
 .debug_pubnames
                0x000006f7       0x25 ../HelloWorld_bsp/\libhal_bsp.a(alt_release_fd.o)
 .debug_pubnames
                0x0000071c       0x1b ../HelloWorld_bsp/\libhal_bsp.a(alt_sbrk.o)
 .debug_pubnames
                0x00000737       0x1c ../HelloWorld_bsp/\libhal_bsp.a(alt_write.o)
 .debug_pubnames
                0x00000753       0x34 ../HelloWorld_bsp/\libhal_bsp.a(alt_sys_init.o)
 .debug_pubnames
                0x00000787       0xa5 ../HelloWorld_bsp/\libhal_bsp.a(altera_avalon_jtag_uart_fd.o)
 .debug_pubnames
                0x0000082c       0x55 ../HelloWorld_bsp/\libhal_bsp.a(altera_avalon_jtag_uart_init.o)
 .debug_pubnames
                0x00000881       0x34 ../HelloWorld_bsp/\libhal_bsp.a(altera_avalon_jtag_uart_ioctl.o)
 .debug_pubnames
                0x000008b5       0x33 ../HelloWorld_bsp/\libhal_bsp.a(altera_avalon_jtag_uart_read.o)
 .debug_pubnames
                0x000008e8       0x34 ../HelloWorld_bsp/\libhal_bsp.a(altera_avalon_jtag_uart_write.o)
 .debug_pubnames
                0x0000091c       0x26 ../HelloWorld_bsp/\libhal_bsp.a(alt_alarm_start.o)
 .debug_pubnames
                0x00000942       0x2b ../HelloWorld_bsp/\libhal_bsp.a(alt_dcache_flush_all.o)
 .debug_pubnames
                0x0000096d       0x2b ../HelloWorld_bsp/\libhal_bsp.a(alt_dev_llist_insert.o)
 .debug_pubnames
                0x00000998       0x20 ../HelloWorld_bsp/\libhal_bsp.a(alt_do_ctors.o)
 .debug_pubnames
                0x000009b8       0x20 ../HelloWorld_bsp/\libhal_bsp.a(alt_do_dtors.o)
 .debug_pubnames
                0x000009d8       0x2b ../HelloWorld_bsp/\libhal_bsp.a(alt_icache_flush_all.o)
 .debug_pubnames
                0x00000a03       0x6e ../HelloWorld_bsp/\libhal_bsp.a(alt_iic.o)
 .debug_pubnames
                0x00000a71       0x2b ../HelloWorld_bsp/\libhal_bsp.a(alt_iic_isr_register.o)
 .debug_pubnames
                0x00000a9c       0x26 ../HelloWorld_bsp/\libhal_bsp.a(alt_io_redirect.o)
 .debug_pubnames
                0x00000ac2       0x32 ../HelloWorld_bsp/\libhal_bsp.a(alt_irq_handler.o)
 .debug_pubnames
                0x00000af4       0x3b ../HelloWorld_bsp/\libhal_bsp.a(alt_irq_vars.o)
 .debug_pubnames
                0x00000b2f       0x1b ../HelloWorld_bsp/\libhal_bsp.a(alt_open.o)
 .debug_pubnames
                0x00000b4a       0x68 ../HelloWorld_bsp/\libhal_bsp.a(alt_tick.o)
 .debug_pubnames
                0x00000bb2       0x31 ../HelloWorld_bsp/\libhal_bsp.a(altera_nios2_qsys_irq.o)
 .debug_pubnames
                0x00000be3       0x23 ../HelloWorld_bsp/\libhal_bsp.a(alt_find_dev.o)
 .debug_pubnames
                0x00000c06       0x24 ../HelloWorld_bsp/\libhal_bsp.a(alt_find_file.o)
 .debug_pubnames
                0x00000c2a       0x21 ../HelloWorld_bsp/\libhal_bsp.a(alt_get_fd.o)
 .debug_pubnames
                0x00000c4b       0x27 ../HelloWorld_bsp/\libhal_bsp.a(alt_icache_flush.o)
 .debug_pubnames
                0x00000c72       0x2a c:/altera/12.1/nios2eds/bin/gnu/h-i686-mingw32/bin/../lib/gcc/nios2-elf/4.1.2/../../../../nios2-elf/lib/mno-hw-mul\libc.a(lib_a-atexit.o)
 .debug_pubnames
                0x00000c9c       0x1b c:/altera/12.1/nios2eds/bin/gnu/h-i686-mingw32/bin/../lib/gcc/nios2-elf/4.1.2/../../../../nios2-elf/lib/mno-hw-mul\libc.a(lib_a-exit.o)
 .debug_pubnames
                0x00000cb7       0x1d c:/altera/12.1/nios2eds/bin/gnu/h-i686-mingw32/bin/../lib/gcc/nios2-elf/4.1.2/../../../../nios2-elf/lib/mno-hw-mul\libc.a(lib_a-memcmp.o)
 .debug_pubnames
                0x00000cd4       0x2a c:/altera/12.1/nios2eds/bin/gnu/h-i686-mingw32/bin/../lib/gcc/nios2-elf/4.1.2/../../../../nios2-elf/lib/mno-hw-mul\libc.a(lib_a-__atexit.o)
 .debug_pubnames
                0x00000cfe       0x27 c:/altera/12.1/nios2eds/bin/gnu/h-i686-mingw32/bin/../lib/gcc/nios2-elf/4.1.2/../../../../nios2-elf/lib/mno-hw-mul\libc.a(lib_a-__call_atexit.o)
 .debug_pubnames
                0x00000d25       0x1c ../HelloWorld_bsp/\libhal_bsp.a(alt_exit.o)

.debug_info     0x00000000    0x192e4
 *(.debug_info .gnu.linkonce.wi.*)
 .debug_info    0x00000000       0x68 ../HelloWorld_bsp//obj/HAL/src/crt0.o
 .debug_info    0x00000068      0x127 obj/default/hello_world.o
 .debug_info    0x0000018f      0xa25 c:/altera/12.1/nios2eds/bin/gnu/h-i686-mingw32/bin/../lib/gcc/nios2-elf/4.1.2/../../../../nios2-elf/lib/mno-hw-mul\libc.a(lib_a-puts.o)
 .debug_info    0x00000bb4       0xdb c:/altera/12.1/nios2eds/bin/gnu/h-i686-mingw32/bin/../lib/gcc/nios2-elf/4.1.2/../../../../nios2-elf/lib/mno-hw-mul\libc.a(lib_a-strlen.o)
 .debug_info    0x00000c8f      0xa88 c:/altera/12.1/nios2eds/bin/gnu/h-i686-mingw32/bin/../lib/gcc/nios2-elf/4.1.2/../../../../nios2-elf/lib/mno-hw-mul\libc.a(lib_a-fvwrite.o)
 .debug_info    0x00001717      0x93d c:/altera/12.1/nios2eds/bin/gnu/h-i686-mingw32/bin/../lib/gcc/nios2-elf/4.1.2/../../../../nios2-elf/lib/mno-hw-mul\libc.a(lib_a-impure.o)
 .debug_info    0x00002054      0xcd0 c:/altera/12.1/nios2eds/bin/gnu/h-i686-mingw32/bin/../lib/gcc/nios2-elf/4.1.2/../../../../nios2-elf/lib/mno-hw-mul\libc.a(lib_a-mallocr.o)
 .debug_info    0x00002d24      0x138 c:/altera/12.1/nios2eds/bin/gnu/h-i686-mingw32/bin/../lib/gcc/nios2-elf/4.1.2/../../../../nios2-elf/lib/mno-hw-mul\libc.a(lib_a-memchr.o)
 .debug_info    0x00002e5c      0x106 c:/altera/12.1/nios2eds/bin/gnu/h-i686-mingw32/bin/../lib/gcc/nios2-elf/4.1.2/../../../../nios2-elf/lib/mno-hw-mul\libc.a(lib_a-memcpy.o)
 .debug_info    0x00002f62      0x13e c:/altera/12.1/nios2eds/bin/gnu/h-i686-mingw32/bin/../lib/gcc/nios2-elf/4.1.2/../../../../nios2-elf/lib/mno-hw-mul\libc.a(lib_a-memmove.o)
 .debug_info    0x000030a0      0xbd7 c:/altera/12.1/nios2eds/bin/gnu/h-i686-mingw32/bin/../lib/gcc/nios2-elf/4.1.2/../../../../nios2-elf/lib/mno-hw-mul\libc.a(lib_a-reallocr.o)
 .debug_info    0x00003c77      0x962 c:/altera/12.1/nios2eds/bin/gnu/h-i686-mingw32/bin/../lib/gcc/nios2-elf/4.1.2/../../../../nios2-elf/lib/mno-hw-mul\libc.a(lib_a-sbrkr.o)
 .debug_info    0x000045d9      0x95d c:/altera/12.1/nios2eds/bin/gnu/h-i686-mingw32/bin/../lib/gcc/nios2-elf/4.1.2/../../../../nios2-elf/lib/mno-hw-mul\libc.a(lib_a-wsetup.o)
 .debug_info    0x00004f36      0x9fe c:/altera/12.1/nios2eds/bin/gnu/h-i686-mingw32/bin/../lib/gcc/nios2-elf/4.1.2/../../../../nios2-elf/lib/mno-hw-mul\libc.a(lib_a-fflush.o)
 .debug_info    0x00005934      0xb72 c:/altera/12.1/nios2eds/bin/gnu/h-i686-mingw32/bin/../lib/gcc/nios2-elf/4.1.2/../../../../nios2-elf/lib/mno-hw-mul\libc.a(lib_a-findfp.o)
 .debug_info    0x000064a6      0xbc9 c:/altera/12.1/nios2eds/bin/gnu/h-i686-mingw32/bin/../lib/gcc/nios2-elf/4.1.2/../../../../nios2-elf/lib/mno-hw-mul\libc.a(lib_a-freer.o)
 .debug_info    0x0000706f      0xaed c:/altera/12.1/nios2eds/bin/gnu/h-i686-mingw32/bin/../lib/gcc/nios2-elf/4.1.2/../../../../nios2-elf/lib/mno-hw-mul\libc.a(lib_a-fwalk.o)
 .debug_info    0x00007b5c       0x8c c:/altera/12.1/nios2eds/bin/gnu/h-i686-mingw32/bin/../lib/gcc/nios2-elf/4.1.2/../../../../nios2-elf/lib/mno-hw-mul\libc.a(lib_a-int_errno.o)
 .debug_info    0x00007be8      0xb1a c:/altera/12.1/nios2eds/bin/gnu/h-i686-mingw32/bin/../lib/gcc/nios2-elf/4.1.2/../../../../nios2-elf/lib/mno-hw-mul\libc.a(lib_a-makebuf.o)
 .debug_info    0x00008702      0x113 c:/altera/12.1/nios2eds/bin/gnu/h-i686-mingw32/bin/../lib/gcc/nios2-elf/4.1.2/../../../../nios2-elf/lib/mno-hw-mul\libc.a(lib_a-memset.o)
 .debug_info    0x00008815      0xaac c:/altera/12.1/nios2eds/bin/gnu/h-i686-mingw32/bin/../lib/gcc/nios2-elf/4.1.2/../../../../nios2-elf/lib/mno-hw-mul\libc.a(lib_a-stdio.o)
 .debug_info    0x000092c1      0x993 c:/altera/12.1/nios2eds/bin/gnu/h-i686-mingw32/bin/../lib/gcc/nios2-elf/4.1.2/../../../../nios2-elf/lib/mno-hw-mul\libc.a(lib_a-writer.o)
 .debug_info    0x00009c54      0x958 c:/altera/12.1/nios2eds/bin/gnu/h-i686-mingw32/bin/../lib/gcc/nios2-elf/4.1.2/../../../../nios2-elf/lib/mno-hw-mul\libc.a(lib_a-closer.o)
 .debug_info    0x0000a5ac      0x994 c:/altera/12.1/nios2eds/bin/gnu/h-i686-mingw32/bin/../lib/gcc/nios2-elf/4.1.2/../../../../nios2-elf/lib/mno-hw-mul\libc.a(lib_a-fclose.o)
 .debug_info    0x0000af40      0xafc c:/altera/12.1/nios2eds/bin/gnu/h-i686-mingw32/bin/../lib/gcc/nios2-elf/4.1.2/../../../../nios2-elf/lib/mno-hw-mul\libc.a(lib_a-fstatr.o)
 .debug_info    0x0000ba3c      0x958 c:/altera/12.1/nios2eds/bin/gnu/h-i686-mingw32/bin/../lib/gcc/nios2-elf/4.1.2/../../../../nios2-elf/lib/mno-hw-mul\libc.a(lib_a-isattyr.o)
 .debug_info    0x0000c394      0x981 c:/altera/12.1/nios2eds/bin/gnu/h-i686-mingw32/bin/../lib/gcc/nios2-elf/4.1.2/../../../../nios2-elf/lib/mno-hw-mul\libc.a(lib_a-lseekr.o)
 .debug_info    0x0000cd15      0x98c c:/altera/12.1/nios2eds/bin/gnu/h-i686-mingw32/bin/../lib/gcc/nios2-elf/4.1.2/../../../../nios2-elf/lib/mno-hw-mul\libc.a(lib_a-readr.o)
 .debug_info    0x0000d6a1       0xf3 c:/altera/12.1/nios2eds/bin/gnu/h-i686-mingw32/bin/../lib/gcc/nios2-elf/4.1.2/mno-hw-mul\libgcc.a(lib2-mul.o)
 .debug_info    0x0000d794      0x454 ../HelloWorld_bsp/\libhal_bsp.a(alt_close.o)
 .debug_info    0x0000dbe8      0x66c ../HelloWorld_bsp/\libhal_bsp.a(alt_dev.o)
 .debug_info    0x0000e254      0x151 ../HelloWorld_bsp/\libhal_bsp.a(alt_errno.o)
 .debug_info    0x0000e3a5      0x64d ../HelloWorld_bsp/\libhal_bsp.a(alt_fstat.o)
 .debug_info    0x0000e9f2      0x653 ../HelloWorld_bsp/\libhal_bsp.a(alt_isatty.o)
 .debug_info    0x0000f045      0x27a ../HelloWorld_bsp/\libhal_bsp.a(alt_load.o)
 .debug_info    0x0000f2bf      0x487 ../HelloWorld_bsp/\libhal_bsp.a(alt_lseek.o)
 .debug_info    0x0000f746      0x212 ../HelloWorld_bsp/\libhal_bsp.a(alt_main.o)
 .debug_info    0x0000f958      0xc05 ../HelloWorld_bsp/\libhal_bsp.a(alt_malloc_lock.o)
 .debug_info    0x0001055d      0x677 ../HelloWorld_bsp/\libhal_bsp.a(alt_read.o)
 .debug_info    0x00010bd4      0x3df ../HelloWorld_bsp/\libhal_bsp.a(alt_release_fd.o)
 .debug_info    0x00010fb3      0x2a4 ../HelloWorld_bsp/\libhal_bsp.a(alt_sbrk.o)
 .debug_info    0x00011257      0x680 ../HelloWorld_bsp/\libhal_bsp.a(alt_write.o)
 .debug_info    0x000118d7      0x6c5 ../HelloWorld_bsp/\libhal_bsp.a(alt_sys_init.o)
 .debug_info    0x00011f9c      0x7c6 ../HelloWorld_bsp/\libhal_bsp.a(altera_avalon_jtag_uart_fd.o)
 .debug_info    0x00012762      0x5ee ../HelloWorld_bsp/\libhal_bsp.a(altera_avalon_jtag_uart_init.o)
 .debug_info    0x00012d50      0x430 ../HelloWorld_bsp/\libhal_bsp.a(altera_avalon_jtag_uart_ioctl.o)
 .debug_info    0x00013180      0x533 ../HelloWorld_bsp/\libhal_bsp.a(altera_avalon_jtag_uart_read.o)
 .debug_info    0x000136b3      0x52b ../HelloWorld_bsp/\libhal_bsp.a(altera_avalon_jtag_uart_write.o)
 .debug_info    0x00013bde      0x42f ../HelloWorld_bsp/\libhal_bsp.a(alt_alarm_start.o)
 .debug_info    0x0001400d      0x149 ../HelloWorld_bsp/\libhal_bsp.a(alt_dcache_flush_all.o)
 .debug_info    0x00014156      0x2a4 ../HelloWorld_bsp/\libhal_bsp.a(alt_dev_llist_insert.o)
 .debug_info    0x000143fa       0xfc ../HelloWorld_bsp/\libhal_bsp.a(alt_do_ctors.o)
 .debug_info    0x000144f6       0xfb ../HelloWorld_bsp/\libhal_bsp.a(alt_do_dtors.o)
 .debug_info    0x000145f1      0x149 ../HelloWorld_bsp/\libhal_bsp.a(alt_icache_flush_all.o)
 .debug_info    0x0001473a      0x480 ../HelloWorld_bsp/\libhal_bsp.a(alt_iic.o)
 .debug_info    0x00014bba      0x301 ../HelloWorld_bsp/\libhal_bsp.a(alt_iic_isr_register.o)
 .debug_info    0x00014ebb      0x682 ../HelloWorld_bsp/\libhal_bsp.a(alt_io_redirect.o)
 .debug_info    0x0001553d       0x71 ../HelloWorld_bsp/\libhal_bsp.a(alt_irq_entry.o)
 .debug_info    0x000155ae      0x262 ../HelloWorld_bsp/\libhal_bsp.a(alt_irq_handler.o)
 .debug_info    0x00015810      0x154 ../HelloWorld_bsp/\libhal_bsp.a(alt_irq_vars.o)
 .debug_info    0x00015964      0x512 ../HelloWorld_bsp/\libhal_bsp.a(alt_open.o)
 .debug_info    0x00015e76      0x3eb ../HelloWorld_bsp/\libhal_bsp.a(alt_tick.o)
 .debug_info    0x00016261      0x150 ../HelloWorld_bsp/\libhal_bsp.a(altera_nios2_qsys_irq.o)
 .debug_info    0x000163b1       0x77 ../HelloWorld_bsp/\libhal_bsp.a(alt_exception_entry.o)
 .debug_info    0x00016428      0x405 ../HelloWorld_bsp/\libhal_bsp.a(alt_find_dev.o)
 .debug_info    0x0001682d      0x40c ../HelloWorld_bsp/\libhal_bsp.a(alt_find_file.o)
 .debug_info    0x00016c39      0x44d ../HelloWorld_bsp/\libhal_bsp.a(alt_get_fd.o)
 .debug_info    0x00017086      0x191 ../HelloWorld_bsp/\libhal_bsp.a(alt_icache_flush.o)
 .debug_info    0x00017217      0x181 c:/altera/12.1/nios2eds/bin/gnu/h-i686-mingw32/bin/../lib/gcc/nios2-elf/4.1.2/../../../../nios2-elf/lib/mno-hw-mul\libc.a(lib_a-atexit.o)
 .debug_info    0x00017398      0x93f c:/altera/12.1/nios2eds/bin/gnu/h-i686-mingw32/bin/../lib/gcc/nios2-elf/4.1.2/../../../../nios2-elf/lib/mno-hw-mul\libc.a(lib_a-exit.o)
 .debug_info    0x00017cd7      0x115 c:/altera/12.1/nios2eds/bin/gnu/h-i686-mingw32/bin/../lib/gcc/nios2-elf/4.1.2/../../../../nios2-elf/lib/mno-hw-mul\libc.a(lib_a-memcmp.o)
 .debug_info    0x00017dec      0x99c c:/altera/12.1/nios2eds/bin/gnu/h-i686-mingw32/bin/../lib/gcc/nios2-elf/4.1.2/../../../../nios2-elf/lib/mno-hw-mul\libc.a(lib_a-__atexit.o)
 .debug_info    0x00018788      0x9e2 c:/altera/12.1/nios2eds/bin/gnu/h-i686-mingw32/bin/../lib/gcc/nios2-elf/4.1.2/../../../../nios2-elf/lib/mno-hw-mul\libc.a(lib_a-__call_atexit.o)
 .debug_info    0x0001916a      0x17a ../HelloWorld_bsp/\libhal_bsp.a(alt_exit.o)

.debug_abbrev   0x00000000     0x4e46
 *(.debug_abbrev)
 .debug_abbrev  0x00000000       0x12 ../HelloWorld_bsp//obj/HAL/src/crt0.o
 .debug_abbrev  0x00000012       0x3f obj/default/hello_world.o
 .debug_abbrev  0x00000051      0x1ac c:/altera/12.1/nios2eds/bin/gnu/h-i686-mingw32/bin/../lib/gcc/nios2-elf/4.1.2/../../../../nios2-elf/lib/mno-hw-mul\libc.a(lib_a-puts.o)
 .debug_abbrev  0x000001fd       0x8b c:/altera/12.1/nios2eds/bin/gnu/h-i686-mingw32/bin/../lib/gcc/nios2-elf/4.1.2/../../../../nios2-elf/lib/mno-hw-mul\libc.a(lib_a-strlen.o)
 .debug_abbrev  0x00000288      0x1a3 c:/altera/12.1/nios2eds/bin/gnu/h-i686-mingw32/bin/../lib/gcc/nios2-elf/4.1.2/../../../../nios2-elf/lib/mno-hw-mul\libc.a(lib_a-fvwrite.o)
 .debug_abbrev  0x0000042b      0x157 c:/altera/12.1/nios2eds/bin/gnu/h-i686-mingw32/bin/../lib/gcc/nios2-elf/4.1.2/../../../../nios2-elf/lib/mno-hw-mul\libc.a(lib_a-impure.o)
 .debug_abbrev  0x00000582      0x216 c:/altera/12.1/nios2eds/bin/gnu/h-i686-mingw32/bin/../lib/gcc/nios2-elf/4.1.2/../../../../nios2-elf/lib/mno-hw-mul\libc.a(lib_a-mallocr.o)
 .debug_abbrev  0x00000798       0xb5 c:/altera/12.1/nios2eds/bin/gnu/h-i686-mingw32/bin/../lib/gcc/nios2-elf/4.1.2/../../../../nios2-elf/lib/mno-hw-mul\libc.a(lib_a-memchr.o)
 .debug_abbrev  0x0000084d       0xb5 c:/altera/12.1/nios2eds/bin/gnu/h-i686-mingw32/bin/../lib/gcc/nios2-elf/4.1.2/../../../../nios2-elf/lib/mno-hw-mul\libc.a(lib_a-memcpy.o)
 .debug_abbrev  0x00000902       0xb5 c:/altera/12.1/nios2eds/bin/gnu/h-i686-mingw32/bin/../lib/gcc/nios2-elf/4.1.2/../../../../nios2-elf/lib/mno-hw-mul\libc.a(lib_a-memmove.o)
 .debug_abbrev  0x000009b7      0x1c3 c:/altera/12.1/nios2eds/bin/gnu/h-i686-mingw32/bin/../lib/gcc/nios2-elf/4.1.2/../../../../nios2-elf/lib/mno-hw-mul\libc.a(lib_a-reallocr.o)
 .debug_abbrev  0x00000b7a      0x18c c:/altera/12.1/nios2eds/bin/gnu/h-i686-mingw32/bin/../lib/gcc/nios2-elf/4.1.2/../../../../nios2-elf/lib/mno-hw-mul\libc.a(lib_a-sbrkr.o)
 .debug_abbrev  0x00000d06      0x170 c:/altera/12.1/nios2eds/bin/gnu/h-i686-mingw32/bin/../lib/gcc/nios2-elf/4.1.2/../../../../nios2-elf/lib/mno-hw-mul\libc.a(lib_a-wsetup.o)
 .debug_abbrev  0x00000e76      0x1c6 c:/altera/12.1/nios2eds/bin/gnu/h-i686-mingw32/bin/../lib/gcc/nios2-elf/4.1.2/../../../../nios2-elf/lib/mno-hw-mul\libc.a(lib_a-fflush.o)
 .debug_abbrev  0x0000103c      0x24c c:/altera/12.1/nios2eds/bin/gnu/h-i686-mingw32/bin/../lib/gcc/nios2-elf/4.1.2/../../../../nios2-elf/lib/mno-hw-mul\libc.a(lib_a-findfp.o)
 .debug_abbrev  0x00001288      0x1d9 c:/altera/12.1/nios2eds/bin/gnu/h-i686-mingw32/bin/../lib/gcc/nios2-elf/4.1.2/../../../../nios2-elf/lib/mno-hw-mul\libc.a(lib_a-freer.o)
 .debug_abbrev  0x00001461      0x1e3 c:/altera/12.1/nios2eds/bin/gnu/h-i686-mingw32/bin/../lib/gcc/nios2-elf/4.1.2/../../../../nios2-elf/lib/mno-hw-mul\libc.a(lib_a-fwalk.o)
 .debug_abbrev  0x00001644       0x3b c:/altera/12.1/nios2eds/bin/gnu/h-i686-mingw32/bin/../lib/gcc/nios2-elf/4.1.2/../../../../nios2-elf/lib/mno-hw-mul\libc.a(lib_a-int_errno.o)
 .debug_abbrev  0x0000167f      0x197 c:/altera/12.1/nios2eds/bin/gnu/h-i686-mingw32/bin/../lib/gcc/nios2-elf/4.1.2/../../../../nios2-elf/lib/mno-hw-mul\libc.a(lib_a-makebuf.o)
 .debug_abbrev  0x00001816       0xb8 c:/altera/12.1/nios2eds/bin/gnu/h-i686-mingw32/bin/../lib/gcc/nios2-elf/4.1.2/../../../../nios2-elf/lib/mno-hw-mul\libc.a(lib_a-memset.o)
 .debug_abbrev  0x000018ce      0x1c9 c:/altera/12.1/nios2eds/bin/gnu/h-i686-mingw32/bin/../lib/gcc/nios2-elf/4.1.2/../../../../nios2-elf/lib/mno-hw-mul\libc.a(lib_a-stdio.o)
 .debug_abbrev  0x00001a97      0x184 c:/altera/12.1/nios2eds/bin/gnu/h-i686-mingw32/bin/../lib/gcc/nios2-elf/4.1.2/../../../../nios2-elf/lib/mno-hw-mul\libc.a(lib_a-writer.o)
 .debug_abbrev  0x00001c1b      0x17f c:/altera/12.1/nios2eds/bin/gnu/h-i686-mingw32/bin/../lib/gcc/nios2-elf/4.1.2/../../../../nios2-elf/lib/mno-hw-mul\libc.a(lib_a-closer.o)
 .debug_abbrev  0x00001d9a      0x1a7 c:/altera/12.1/nios2eds/bin/gnu/h-i686-mingw32/bin/../lib/gcc/nios2-elf/4.1.2/../../../../nios2-elf/lib/mno-hw-mul\libc.a(lib_a-fclose.o)
 .debug_abbrev  0x00001f41      0x18e c:/altera/12.1/nios2eds/bin/gnu/h-i686-mingw32/bin/../lib/gcc/nios2-elf/4.1.2/../../../../nios2-elf/lib/mno-hw-mul\libc.a(lib_a-fstatr.o)
 .debug_abbrev  0x000020cf      0x17f c:/altera/12.1/nios2eds/bin/gnu/h-i686-mingw32/bin/../lib/gcc/nios2-elf/4.1.2/../../../../nios2-elf/lib/mno-hw-mul\libc.a(lib_a-isattyr.o)
 .debug_abbrev  0x0000224e      0x18e c:/altera/12.1/nios2eds/bin/gnu/h-i686-mingw32/bin/../lib/gcc/nios2-elf/4.1.2/../../../../nios2-elf/lib/mno-hw-mul\libc.a(lib_a-lseekr.o)
 .debug_abbrev  0x000023dc      0x17f c:/altera/12.1/nios2eds/bin/gnu/h-i686-mingw32/bin/../lib/gcc/nios2-elf/4.1.2/../../../../nios2-elf/lib/mno-hw-mul\libc.a(lib_a-readr.o)
 .debug_abbrev  0x0000255b       0x7b c:/altera/12.1/nios2eds/bin/gnu/h-i686-mingw32/bin/../lib/gcc/nios2-elf/4.1.2/mno-hw-mul\libgcc.a(lib2-mul.o)
 .debug_abbrev  0x000025d6       0xfb ../HelloWorld_bsp/\libhal_bsp.a(alt_close.o)
 .debug_abbrev  0x000026d1       0xc7 ../HelloWorld_bsp/\libhal_bsp.a(alt_dev.o)
 .debug_abbrev  0x00002798       0x5e ../HelloWorld_bsp/\libhal_bsp.a(alt_errno.o)
 .debug_abbrev  0x000027f6       0xfb ../HelloWorld_bsp/\libhal_bsp.a(alt_fstat.o)
 .debug_abbrev  0x000028f1       0xfb ../HelloWorld_bsp/\libhal_bsp.a(alt_isatty.o)
 .debug_abbrev  0x000029ec       0x88 ../HelloWorld_bsp/\libhal_bsp.a(alt_load.o)
 .debug_abbrev  0x00002a74       0xfb ../HelloWorld_bsp/\libhal_bsp.a(alt_lseek.o)
 .debug_abbrev  0x00002b6f       0xb7 ../HelloWorld_bsp/\libhal_bsp.a(alt_main.o)
 .debug_abbrev  0x00002c26      0x181 ../HelloWorld_bsp/\libhal_bsp.a(alt_malloc_lock.o)
 .debug_abbrev  0x00002da7       0xfb ../HelloWorld_bsp/\libhal_bsp.a(alt_read.o)
 .debug_abbrev  0x00002ea2       0xc1 ../HelloWorld_bsp/\libhal_bsp.a(alt_release_fd.o)
 .debug_abbrev  0x00002f63      0x115 ../HelloWorld_bsp/\libhal_bsp.a(alt_sbrk.o)
 .debug_abbrev  0x00003078      0x100 ../HelloWorld_bsp/\libhal_bsp.a(alt_write.o)
 .debug_abbrev  0x00003178      0x142 ../HelloWorld_bsp/\libhal_bsp.a(alt_sys_init.o)
 .debug_abbrev  0x000032ba       0xf7 ../HelloWorld_bsp/\libhal_bsp.a(altera_avalon_jtag_uart_fd.o)
 .debug_abbrev  0x000033b1      0x17c ../HelloWorld_bsp/\libhal_bsp.a(altera_avalon_jtag_uart_init.o)
 .debug_abbrev  0x0000352d       0xf0 ../HelloWorld_bsp/\libhal_bsp.a(altera_avalon_jtag_uart_ioctl.o)
 .debug_abbrev  0x0000361d      0x191 ../HelloWorld_bsp/\libhal_bsp.a(altera_avalon_jtag_uart_read.o)
 .debug_abbrev  0x000037ae      0x18d ../HelloWorld_bsp/\libhal_bsp.a(altera_avalon_jtag_uart_write.o)
 .debug_abbrev  0x0000393b      0x172 ../HelloWorld_bsp/\libhal_bsp.a(alt_alarm_start.o)
 .debug_abbrev  0x00003aad       0x3f ../HelloWorld_bsp/\libhal_bsp.a(alt_dcache_flush_all.o)
 .debug_abbrev  0x00003aec       0xf6 ../HelloWorld_bsp/\libhal_bsp.a(alt_dev_llist_insert.o)
 .debug_abbrev  0x00003be2       0x76 ../HelloWorld_bsp/\libhal_bsp.a(alt_do_ctors.o)
 .debug_abbrev  0x00003c58       0x76 ../HelloWorld_bsp/\libhal_bsp.a(alt_do_dtors.o)
 .debug_abbrev  0x00003cce       0x3f ../HelloWorld_bsp/\libhal_bsp.a(alt_icache_flush_all.o)
 .debug_abbrev  0x00003d0d      0x134 ../HelloWorld_bsp/\libhal_bsp.a(alt_iic.o)
 .debug_abbrev  0x00003e41      0x14e ../HelloWorld_bsp/\libhal_bsp.a(alt_iic_isr_register.o)
 .debug_abbrev  0x00003f8f       0xf0 ../HelloWorld_bsp/\libhal_bsp.a(alt_io_redirect.o)
 .debug_abbrev  0x0000407f       0x12 ../HelloWorld_bsp/\libhal_bsp.a(alt_irq_entry.o)
 .debug_abbrev  0x00004091      0x10c ../HelloWorld_bsp/\libhal_bsp.a(alt_irq_handler.o)
 .debug_abbrev  0x0000419d       0x44 ../HelloWorld_bsp/\libhal_bsp.a(alt_irq_vars.o)
 .debug_abbrev  0x000041e1      0x112 ../HelloWorld_bsp/\libhal_bsp.a(alt_open.o)
 .debug_abbrev  0x000042f3      0x150 ../HelloWorld_bsp/\libhal_bsp.a(alt_tick.o)
 .debug_abbrev  0x00004443       0x3f ../HelloWorld_bsp/\libhal_bsp.a(altera_nios2_qsys_irq.o)
 .debug_abbrev  0x00004482       0x12 ../HelloWorld_bsp/\libhal_bsp.a(alt_exception_entry.o)
 .debug_abbrev  0x00004494       0xcf ../HelloWorld_bsp/\libhal_bsp.a(alt_find_dev.o)
 .debug_abbrev  0x00004563       0xcf ../HelloWorld_bsp/\libhal_bsp.a(alt_find_file.o)
 .debug_abbrev  0x00004632       0xfb ../HelloWorld_bsp/\libhal_bsp.a(alt_get_fd.o)
 .debug_abbrev  0x0000472d       0x7a ../HelloWorld_bsp/\libhal_bsp.a(alt_icache_flush.o)
 .debug_abbrev  0x000047a7       0xb7 c:/altera/12.1/nios2eds/bin/gnu/h-i686-mingw32/bin/../lib/gcc/nios2-elf/4.1.2/../../../../nios2-elf/lib/mno-hw-mul\libc.a(lib_a-atexit.o)
 .debug_abbrev  0x0000485e      0x16e c:/altera/12.1/nios2eds/bin/gnu/h-i686-mingw32/bin/../lib/gcc/nios2-elf/4.1.2/../../../../nios2-elf/lib/mno-hw-mul\libc.a(lib_a-exit.o)
 .debug_abbrev  0x000049cc       0x7c c:/altera/12.1/nios2eds/bin/gnu/h-i686-mingw32/bin/../lib/gcc/nios2-elf/4.1.2/../../../../nios2-elf/lib/mno-hw-mul\libc.a(lib_a-memcmp.o)
 .debug_abbrev  0x00004a48      0x1ae c:/altera/12.1/nios2eds/bin/gnu/h-i686-mingw32/bin/../lib/gcc/nios2-elf/4.1.2/../../../../nios2-elf/lib/mno-hw-mul\libc.a(lib_a-__atexit.o)
 .debug_abbrev  0x00004bf6      0x1de c:/altera/12.1/nios2eds/bin/gnu/h-i686-mingw32/bin/../lib/gcc/nios2-elf/4.1.2/../../../../nios2-elf/lib/mno-hw-mul\libc.a(lib_a-__call_atexit.o)
 .debug_abbrev  0x00004dd4       0x72 ../HelloWorld_bsp/\libhal_bsp.a(alt_exit.o)

.debug_line     0x00000000     0xc4ef